/home/georg/.local/lib/python3.10/site-packages/torch/cuda/__init__.py:716: UserWarning: Can't initialize NVML
  warnings.warn("Can't initialize NVML")
dataset: 254981 samples from 26 file(s)
  /home/georg/Desktop/flying_robot_course/experiments/logs/c1_2026-09-21_merged/A1_2026-09-21_12-51-16/A1_2026-09-21_12-51-16_merged_usd.csv: 2 drones x 7554 rows -> 7554 kept
  /home/georg/Desktop/flying_robot_course/experiments/logs/c1_2026-09-23_merged/A1_2026-09-23_17-17-26/A1_2026-09-23_17-17-26_merged_usd.csv: 2 drones x 7805 rows -> 7805 kept
  /home/georg/Desktop/flying_robot_course/experiments/logs/c1_2026-09-23_merged/A1_2026-09-23_17-18-48/A1_2026-09-23_17-18-48_merged_usd.csv: 2 drones x 8052 rows -> 8052 kept
  /home/georg/Desktop/flying_robot_course/experiments/logs/c1_2026-09-23_merged/A1_2026-09-23_17-36-06/A1_2026-09-23_17-36-06_merged_usd.csv: 2 drones x 8055 rows -> 8055 kept
  /home/georg/Desktop/flying_robot_course/experiments/logs/c1_2026-09-23_merged/A1_2026-09-23_17-37-26/A1_2026-09-23_17-37-26_merged_usd.csv: 2 drones x 7983 rows -> 7983 kept
  /home/georg/Desktop/flying_robot_course/experiments/logs/c1_2026-09-28_merged/A1_2026-09-28_17-47-50/A1_2026-09-28_17-47-50_merged_usd.csv: 2 drones x 7983 rows -> 7983 kept
  /home/georg/Desktop/flying_robot_course/experiments/logs/c1_2026-09-28_merged/A2_2026-09-28_17-49-37/A2_2026-09-28_17-49-37_merged_usd.csv: 2 drones x 7856 rows -> 7856 kept
  /home/georg/Desktop/flying_robot_course/experiments/logs/c1_2026-09-28_merged/A2_2026-09-28_17-52-55/A2_2026-09-28_17-52-55_merged_usd.csv: 2 drones x 7857 rows -> 7857 kept
  /home/georg/Desktop/flying_robot_course/experiments/logs/c1_2026-09-21_merged/A3_2026-09-21_13-00-57/A3_2026-09-21_13-00-57_merged_usd.csv: 2 drones x 17691 rows -> 17691 kept
  /home/georg/Desktop/flying_robot_course/experiments/logs/c1_2026-09-21_merged/A3_2026-09-21_13-02-56/A3_2026-09-21_13-02-56_merged_usd.csv: 2 drones x 17897 rows -> 17897 kept
  /home/georg/Desktop/flying_robot_course/experiments/logs/c1_2026-09-21_merged/A3_2026-09-21_13-04-34/A3_2026-09-21_13-04-34_merged_usd.csv: 2 drones x 10502 rows -> 10502 kept
  /home/georg/Desktop/flying_robot_course/experiments/logs/c1_2026-09-23_merged/A3_2026-09-23_17-45-03/A3_2026-09-23_17-45-03_merged_usd.csv: 2 drones x 10969 rows -> 10969 kept
  /home/georg/Desktop/flying_robot_course/experiments/logs/c1_2026-09-23_merged/A3_2026-09-23_17-46-43/A3_2026-09-23_17-46-43_merged_usd.csv: 2 drones x 10503 rows -> 10503 kept
  /home/georg/Desktop/flying_robot_course/experiments/logs/c1_2026-09-23_merged/A3_2026-09-23_17-54-32/A3_2026-09-23_17-54-32_merged_usd.csv: 2 drones x 13131 rows -> 13131 kept
  /home/georg/Desktop/flying_robot_course/experiments/logs/c1_2026-09-23_merged/A3_2026-09-23_17-57-32/A3_2026-09-23_17-57-32_merged_usd.csv: 2 drones x 13564 rows -> 13564 kept
  /home/georg/Desktop/flying_robot_course/experiments/logs/c1_2026-09-28_merged/A4_2026-09-28_17-20-20/A4_2026-09-28_17-20-20_merged_usd.csv: 2 drones x 9873 rows -> 9873 kept
  /home/georg/Desktop/flying_robot_course/experiments/logs/c1_2026-09-28_merged/A4_2026-09-28_17-23-40/A4_2026-09-28_17-23-40_merged_usd.csv: 2 drones x 9416 rows -> 9416 kept
  /home/georg/Desktop/flying_robot_course/experiments/logs/c1_2026-09-28_merged/A4_2026-09-28_17-25-41/A4_2026-09-28_17-25-41_merged_usd.csv: 2 drones x 9895 rows -> 9895 kept
  /home/georg/Desktop/flying_robot_course/experiments/logs/c1_2026-09-28_merged/A4_2026-09-28_17-27-11/A4_2026-09-28_17-27-11_merged_usd.csv: 2 drones x 9893 rows -> 9893 kept
  /home/georg/Desktop/flying_robot_course/experiments/logs/c1_2026-09-23_merged/A7_2026-09-23_19-11-19/A7_2026-09-23_19-11-19_merged_usd.csv: 2 drones x 6418 rows -> 6418 kept
  /home/georg/Desktop/flying_robot_course/experiments/logs/c1_2026-09-23_merged/A7_2026-09-23_19-12-38/A7_2026-09-23_19-12-38_merged_usd.csv: 2 drones x 6398 rows -> 6398 kept
  /home/georg/Desktop/flying_robot_course/experiments/logs/c1_2026-09-23_merged/A7_2026-09-23_19-13-55/A7_2026-09-23_19-13-55_merged_usd.csv: 2 drones x 6398 rows -> 6398 kept
  /home/georg/Desktop/flying_robot_course/experiments/logs/c1_2026-10-01_merged/A5_2026-10-01_17-18-28/A5_2026-10-01_17-18-28_merged_usd.csv: 2 drones x 9295 rows -> 9295 kept
  /home/georg/Desktop/flying_robot_course/experiments/logs/c1_2026-10-01_merged/A5_2026-10-01_17-20-06/A5_2026-10-01_17-20-06_merged_usd.csv: 2 drones x 9293 rows -> 9293 kept
  /home/georg/Desktop/flying_robot_course/experiments/logs/c1_2026-10-01_merged/A5_2026-10-01_17-44-57/A5_2026-10-01_17-44-57_merged_usd.csv: 2 drones x 9294 rows -> 9294 kept
  /home/georg/Desktop/flying_robot_course/experiments/logs/c1_2026-10-01_merged/A6_2026-10-01_17-33-00/A6_2026-10-01_17-33-00_merged_usd.csv: 2 drones x 11406 rows -> 11406 kept
  dropped_zero_a_res: 254981 (row-ticks summed over all ego drones; partner may read 0 a_res)
  no_neighbour_influence: 129544
normalisation (rel)    mu=[ 0.0086 -0.007   0.4672 -0.0207 -0.0159 -0.0446] sigma=[0.0651 0.0509 0.2259 0.4613 0.3748 0.1501]
normalisation (ground) mu=[-0.7539 -0.0114 -0.0083 -0.0225] sigma=[0.2853 0.3735 0.291  0.1082]
train 203889 / val 51092 (contiguous blocks, not shuffled samples)
  epoch    0  train 0.38221  val RMSE 0.3591 m/s^2  *
  epoch   20  train 0.08882  val RMSE 0.2568 m/s^2
  epoch   39  train 0.08411  val RMSE 0.2544 m/s^2
best val RMSE 0.2524 m/s^2  (13.7s)
baseline (predict zero) 1.1588 m/s^2  ->  78.2% reduction
fold check: max |trained - exported| = 1.04e-06 m/s^2
wrote /home/georg/Desktop/flying_robot_course/experiments/analysis/out/c2_e2e_2026-10-01/full_bank_c1_complete.npz  (19297 weights)
