[0.065s] DEBUG:colcon:Command line arguments: ['/usr/bin/colcon', 'build', '--packages-select', 'crazyflie_examples']
[0.065s] DEBUG:colcon:Parsed command line arguments: Namespace(log_base=None, log_level=None, verb_name='build', build_base='build', install_base='install', merge_install=False, symlink_install=False, test_result_base=None, continue_on_error=False, executor='parallel', parallel_workers=24, event_handlers=None, ignore_user_meta=False, metas=['./colcon.meta'], base_paths=['.'], packages_ignore=None, packages_ignore_regex=None, paths=None, packages_up_to=None, packages_up_to_regex=None, packages_above=None, packages_above_and_dependencies=None, packages_above_depth=None, packages_select_by_dep=None, packages_skip_by_dep=None, packages_skip_up_to=None, packages_select_build_failed=False, packages_skip_build_finished=False, packages_select_test_failures=False, packages_skip_test_passed=False, packages_select=['crazyflie_examples'], packages_skip=None, packages_select_regex=None, packages_skip_regex=None, packages_start=None, packages_end=None, allow_overriding=[], cmake_args=None, cmake_target=None, cmake_target_skip_unavailable=False, cmake_clean_cache=False, cmake_clean_first=False, cmake_force_configure=False, ament_cmake_args=None, catkin_cmake_args=None, catkin_skip_building_tests=False, mixin_files=None, mixin=None, verb_parser=<colcon_mixin.mixin.mixin_argument.MixinArgumentDecorator object at 0x701745d9c920>, verb_extension=<colcon_core.verb.build.BuildVerb object at 0x701745ec9340>, main=<bound method BuildVerb.main of <colcon_core.verb.build.BuildVerb object at 0x701745ec9340>>, mixin_verb=('build',))
[0.088s] Level 1:colcon.colcon_core.package_discovery:discover_packages(colcon_meta) check parameters
[0.089s] Level 1:colcon.colcon_core.package_discovery:discover_packages(recursive) check parameters
[0.089s] Level 1:colcon.colcon_core.package_discovery:discover_packages(ignore) check parameters
[0.089s] Level 1:colcon.colcon_core.package_discovery:discover_packages(path) check parameters
[0.089s] Level 1:colcon.colcon_core.package_discovery:discover_packages(colcon_meta) discover
[0.089s] Level 1:colcon.colcon_core.package_discovery:discover_packages(recursive) discover
[0.089s] INFO:colcon.colcon_core.package_discovery:Crawling recursively for packages in '/home/flyingrobots/georg/flying_robot_course/Controls'
[0.089s] Level 1:colcon.colcon_core.package_identification:_identify(.) by extensions ['ignore', 'ignore_ament_install']
[0.089s] Level 1:colcon.colcon_core.package_identification:_identify(.) by extension 'ignore'
[0.089s] Level 1:colcon.colcon_core.package_identification:_identify(.) by extension 'ignore_ament_install'
[0.089s] Level 1:colcon.colcon_core.package_identification:_identify(.) by extensions ['colcon_pkg']
[0.089s] Level 1:colcon.colcon_core.package_identification:_identify(.) by extension 'colcon_pkg'
[0.089s] Level 1:colcon.colcon_core.package_identification:_identify(.) by extensions ['colcon_meta']
[0.089s] Level 1:colcon.colcon_core.package_identification:_identify(.) by extension 'colcon_meta'
[0.089s] Level 1:colcon.colcon_core.package_identification:_identify(.) by extensions ['ros']
[0.089s] Level 1:colcon.colcon_core.package_identification:_identify(.) by extension 'ros'
[0.106s] Level 1:colcon.colcon_core.package_identification:_identify(.) by extensions ['cmake', 'python']
[0.106s] Level 1:colcon.colcon_core.package_identification:_identify(.) by extension 'cmake'
[0.106s] Level 1:colcon.colcon_core.package_identification:_identify(.) by extension 'python'
[0.106s] Level 1:colcon.colcon_core.package_identification:_identify(.) by extensions ['python_setup_py']
[0.106s] Level 1:colcon.colcon_core.package_identification:_identify(.) by extension 'python_setup_py'
[0.106s] Level 1:colcon.colcon_core.package_identification:_identify(build) by extensions ['ignore', 'ignore_ament_install']
[0.106s] Level 1:colcon.colcon_core.package_identification:_identify(build) by extension 'ignore'
[0.106s] Level 1:colcon.colcon_core.package_identification:_identify(build) ignored
[0.106s] Level 1:colcon.colcon_core.package_identification:_identify(cache) by extensions ['ignore', 'ignore_ament_install']
[0.106s] Level 1:colcon.colcon_core.package_identification:_identify(cache) by extension 'ignore'
[0.106s] Level 1:colcon.colcon_core.package_identification:_identify(cache) by extension 'ignore_ament_install'
[0.106s] Level 1:colcon.colcon_core.package_identification:_identify(cache) by extensions ['colcon_pkg']
[0.106s] Level 1:colcon.colcon_core.package_identification:_identify(cache) by extension 'colcon_pkg'
[0.106s] Level 1:colcon.colcon_core.package_identification:_identify(cache) by extensions ['colcon_meta']
[0.106s] Level 1:colcon.colcon_core.package_identification:_identify(cache) by extension 'colcon_meta'
[0.106s] Level 1:colcon.colcon_core.package_identification:_identify(cache) by extensions ['ros']
[0.106s] Level 1:colcon.colcon_core.package_identification:_identify(cache) by extension 'ros'
[0.106s] Level 1:colcon.colcon_core.package_identification:_identify(cache) by extensions ['cmake', 'python']
[0.106s] Level 1:colcon.colcon_core.package_identification:_identify(cache) by extension 'cmake'
[0.106s] Level 1:colcon.colcon_core.package_identification:_identify(cache) by extension 'python'
[0.106s] Level 1:colcon.colcon_core.package_identification:_identify(cache) by extensions ['python_setup_py']
[0.106s] Level 1:colcon.colcon_core.package_identification:_identify(cache) by extension 'python_setup_py'
[0.106s] Level 1:colcon.colcon_core.package_identification:_identify(install) by extensions ['ignore', 'ignore_ament_install']
[0.107s] Level 1:colcon.colcon_core.package_identification:_identify(install) by extension 'ignore'
[0.107s] Level 1:colcon.colcon_core.package_identification:_identify(install) ignored
[0.107s] Level 1:colcon.colcon_core.package_identification:_identify(log) by extensions ['ignore', 'ignore_ament_install']
[0.107s] Level 1:colcon.colcon_core.package_identification:_identify(log) by extension 'ignore'
[0.107s] Level 1:colcon.colcon_core.package_identification:_identify(log) ignored
[0.107s] Level 1:colcon.colcon_core.package_identification:_identify(logging) by extensions ['ignore', 'ignore_ament_install']
[0.107s] Level 1:colcon.colcon_core.package_identification:_identify(logging) by extension 'ignore'
[0.107s] Level 1:colcon.colcon_core.package_identification:_identify(logging) by extension 'ignore_ament_install'
[0.107s] Level 1:colcon.colcon_core.package_identification:_identify(logging) by extensions ['colcon_pkg']
[0.107s] Level 1:colcon.colcon_core.package_identification:_identify(logging) by extension 'colcon_pkg'
[0.107s] Level 1:colcon.colcon_core.package_identification:_identify(logging) by extensions ['colcon_meta']
[0.107s] Level 1:colcon.colcon_core.package_identification:_identify(logging) by extension 'colcon_meta'
[0.107s] Level 1:colcon.colcon_core.package_identification:_identify(logging) by extensions ['ros']
[0.107s] Level 1:colcon.colcon_core.package_identification:_identify(logging) by extension 'ros'
[0.107s] Level 1:colcon.colcon_core.package_identification:_identify(logging) by extensions ['cmake', 'python']
[0.107s] Level 1:colcon.colcon_core.package_identification:_identify(logging) by extension 'cmake'
[0.107s] Level 1:colcon.colcon_core.package_identification:_identify(logging) by extension 'python'
[0.107s] Level 1:colcon.colcon_core.package_identification:_identify(logging) by extensions ['python_setup_py']
[0.107s] Level 1:colcon.colcon_core.package_identification:_identify(logging) by extension 'python_setup_py'
[0.107s] Level 1:colcon.colcon_core.package_identification:_identify(logs) by extensions ['ignore', 'ignore_ament_install']
[0.107s] Level 1:colcon.colcon_core.package_identification:_identify(logs) by extension 'ignore'
[0.107s] Level 1:colcon.colcon_core.package_identification:_identify(logs) by extension 'ignore_ament_install'
[0.107s] Level 1:colcon.colcon_core.package_identification:_identify(logs) by extensions ['colcon_pkg']
[0.107s] Level 1:colcon.colcon_core.package_identification:_identify(logs) by extension 'colcon_pkg'
[0.107s] Level 1:colcon.colcon_core.package_identification:_identify(logs) by extensions ['colcon_meta']
[0.107s] Level 1:colcon.colcon_core.package_identification:_identify(logs) by extension 'colcon_meta'
[0.107s] Level 1:colcon.colcon_core.package_identification:_identify(logs) by extensions ['ros']
[0.107s] Level 1:colcon.colcon_core.package_identification:_identify(logs) by extension 'ros'
[0.108s] Level 1:colcon.colcon_core.package_identification:_identify(logs) by extensions ['cmake', 'python']
[0.108s] Level 1:colcon.colcon_core.package_identification:_identify(logs) by extension 'cmake'
[0.108s] Level 1:colcon.colcon_core.package_identification:_identify(logs) by extension 'python'
[0.108s] Level 1:colcon.colcon_core.package_identification:_identify(logs) by extensions ['python_setup_py']
[0.108s] Level 1:colcon.colcon_core.package_identification:_identify(logs) by extension 'python_setup_py'
[0.108s] Level 1:colcon.colcon_core.package_identification:_identify(runs) by extensions ['ignore', 'ignore_ament_install']
[0.108s] Level 1:colcon.colcon_core.package_identification:_identify(runs) by extension 'ignore'
[0.108s] Level 1:colcon.colcon_core.package_identification:_identify(runs) by extension 'ignore_ament_install'
[0.108s] Level 1:colcon.colcon_core.package_identification:_identify(runs) by extensions ['colcon_pkg']
[0.108s] Level 1:colcon.colcon_core.package_identification:_identify(runs) by extension 'colcon_pkg'
[0.108s] Level 1:colcon.colcon_core.package_identification:_identify(runs) by extensions ['colcon_meta']
[0.108s] Level 1:colcon.colcon_core.package_identification:_identify(runs) by extension 'colcon_meta'
[0.108s] Level 1:colcon.colcon_core.package_identification:_identify(runs) by extensions ['ros']
[0.108s] Level 1:colcon.colcon_core.package_identification:_identify(runs) by extension 'ros'
[0.108s] Level 1:colcon.colcon_core.package_identification:_identify(runs) by extensions ['cmake', 'python']
[0.108s] Level 1:colcon.colcon_core.package_identification:_identify(runs) by extension 'cmake'
[0.108s] Level 1:colcon.colcon_core.package_identification:_identify(runs) by extension 'python'
[0.108s] Level 1:colcon.colcon_core.package_identification:_identify(runs) by extensions ['python_setup_py']
[0.108s] Level 1:colcon.colcon_core.package_identification:_identify(runs) by extension 'python_setup_py'
[0.108s] Level 1:colcon.colcon_core.package_identification:_identify(runs/20260228_230351_hover) by extensions ['ignore', 'ignore_ament_install']
[0.108s] Level 1:colcon.colcon_core.package_identification:_identify(runs/20260228_230351_hover) by extension 'ignore'
[0.108s] Level 1:colcon.colcon_core.package_identification:_identify(runs/20260228_230351_hover) by extension 'ignore_ament_install'
[0.108s] Level 1:colcon.colcon_core.package_identification:_identify(runs/20260228_230351_hover) by extensions ['colcon_pkg']
[0.108s] Level 1:colcon.colcon_core.package_identification:_identify(runs/20260228_230351_hover) by extension 'colcon_pkg'
[0.108s] Level 1:colcon.colcon_core.package_identification:_identify(runs/20260228_230351_hover) by extensions ['colcon_meta']
[0.108s] Level 1:colcon.colcon_core.package_identification:_identify(runs/20260228_230351_hover) by extension 'colcon_meta'
[0.108s] Level 1:colcon.colcon_core.package_identification:_identify(runs/20260228_230351_hover) by extensions ['ros']
[0.108s] Level 1:colcon.colcon_core.package_identification:_identify(runs/20260228_230351_hover) by extension 'ros'
[0.108s] Level 1:colcon.colcon_core.package_identification:_identify(runs/20260228_230351_hover) by extensions ['cmake', 'python']
[0.108s] Level 1:colcon.colcon_core.package_identification:_identify(runs/20260228_230351_hover) by extension 'cmake'
[0.108s] Level 1:colcon.colcon_core.package_identification:_identify(runs/20260228_230351_hover) by extension 'python'
[0.108s] Level 1:colcon.colcon_core.package_identification:_identify(runs/20260228_230351_hover) by extensions ['python_setup_py']
[0.108s] Level 1:colcon.colcon_core.package_identification:_identify(runs/20260228_230351_hover) by extension 'python_setup_py'
[0.108s] Level 1:colcon.colcon_core.package_identification:_identify(runs/20260228_230440_hover) by extensions ['ignore', 'ignore_ament_install']
[0.108s] Level 1:colcon.colcon_core.package_identification:_identify(runs/20260228_230440_hover) by extension 'ignore'
[0.108s] Level 1:colcon.colcon_core.package_identification:_identify(runs/20260228_230440_hover) by extension 'ignore_ament_install'
[0.108s] Level 1:colcon.colcon_core.package_identification:_identify(runs/20260228_230440_hover) by extensions ['colcon_pkg']
[0.108s] Level 1:colcon.colcon_core.package_identification:_identify(runs/20260228_230440_hover) by extension 'colcon_pkg'
[0.108s] Level 1:colcon.colcon_core.package_identification:_identify(runs/20260228_230440_hover) by extensions ['colcon_meta']
[0.108s] Level 1:colcon.colcon_core.package_identification:_identify(runs/20260228_230440_hover) by extension 'colcon_meta'
[0.108s] Level 1:colcon.colcon_core.package_identification:_identify(runs/20260228_230440_hover) by extensions ['ros']
[0.109s] Level 1:colcon.colcon_core.package_identification:_identify(runs/20260228_230440_hover) by extension 'ros'
[0.109s] Level 1:colcon.colcon_core.package_identification:_identify(runs/20260228_230440_hover) by extensions ['cmake', 'python']
[0.109s] Level 1:colcon.colcon_core.package_identification:_identify(runs/20260228_230440_hover) by extension 'cmake'
[0.109s] Level 1:colcon.colcon_core.package_identification:_identify(runs/20260228_230440_hover) by extension 'python'
[0.109s] Level 1:colcon.colcon_core.package_identification:_identify(runs/20260228_230440_hover) by extensions ['python_setup_py']
[0.109s] Level 1:colcon.colcon_core.package_identification:_identify(runs/20260228_230440_hover) by extension 'python_setup_py'
[0.109s] Level 1:colcon.colcon_core.package_identification:_identify(runs/20260228_230510_hover) by extensions ['ignore', 'ignore_ament_install']
[0.109s] Level 1:colcon.colcon_core.package_identification:_identify(runs/20260228_230510_hover) by extension 'ignore'
[0.109s] Level 1:colcon.colcon_core.package_identification:_identify(runs/20260228_230510_hover) by extension 'ignore_ament_install'
[0.109s] Level 1:colcon.colcon_core.package_identification:_identify(runs/20260228_230510_hover) by extensions ['colcon_pkg']
[0.109s] Level 1:colcon.colcon_core.package_identification:_identify(runs/20260228_230510_hover) by extension 'colcon_pkg'
[0.109s] Level 1:colcon.colcon_core.package_identification:_identify(runs/20260228_230510_hover) by extensions ['colcon_meta']
[0.109s] Level 1:colcon.colcon_core.package_identification:_identify(runs/20260228_230510_hover) by extension 'colcon_meta'
[0.109s] Level 1:colcon.colcon_core.package_identification:_identify(runs/20260228_230510_hover) by extensions ['ros']
[0.109s] Level 1:colcon.colcon_core.package_identification:_identify(runs/20260228_230510_hover) by extension 'ros'
[0.109s] Level 1:colcon.colcon_core.package_identification:_identify(runs/20260228_230510_hover) by extensions ['cmake', 'python']
[0.109s] Level 1:colcon.colcon_core.package_identification:_identify(runs/20260228_230510_hover) by extension 'cmake'
[0.109s] Level 1:colcon.colcon_core.package_identification:_identify(runs/20260228_230510_hover) by extension 'python'
[0.109s] Level 1:colcon.colcon_core.package_identification:_identify(runs/20260228_230510_hover) by extensions ['python_setup_py']
[0.109s] Level 1:colcon.colcon_core.package_identification:_identify(runs/20260228_230510_hover) by extension 'python_setup_py'
[0.109s] Level 1:colcon.colcon_core.package_identification:_identify(runs/20260228_230538_hover) by extensions ['ignore', 'ignore_ament_install']
[0.109s] Level 1:colcon.colcon_core.package_identification:_identify(runs/20260228_230538_hover) by extension 'ignore'
[0.109s] Level 1:colcon.colcon_core.package_identification:_identify(runs/20260228_230538_hover) by extension 'ignore_ament_install'
[0.109s] Level 1:colcon.colcon_core.package_identification:_identify(runs/20260228_230538_hover) by extensions ['colcon_pkg']
[0.109s] Level 1:colcon.colcon_core.package_identification:_identify(runs/20260228_230538_hover) by extension 'colcon_pkg'
[0.109s] Level 1:colcon.colcon_core.package_identification:_identify(runs/20260228_230538_hover) by extensions ['colcon_meta']
[0.109s] Level 1:colcon.colcon_core.package_identification:_identify(runs/20260228_230538_hover) by extension 'colcon_meta'
[0.109s] Level 1:colcon.colcon_core.package_identification:_identify(runs/20260228_230538_hover) by extensions ['ros']
[0.109s] Level 1:colcon.colcon_core.package_identification:_identify(runs/20260228_230538_hover) by extension 'ros'
[0.109s] Level 1:colcon.colcon_core.package_identification:_identify(runs/20260228_230538_hover) by extensions ['cmake', 'python']
[0.109s] Level 1:colcon.colcon_core.package_identification:_identify(runs/20260228_230538_hover) by extension 'cmake'
[0.109s] Level 1:colcon.colcon_core.package_identification:_identify(runs/20260228_230538_hover) by extension 'python'
[0.109s] Level 1:colcon.colcon_core.package_identification:_identify(runs/20260228_230538_hover) by extensions ['python_setup_py']
[0.109s] Level 1:colcon.colcon_core.package_identification:_identify(runs/20260228_230538_hover) by extension 'python_setup_py'
[0.109s] Level 1:colcon.colcon_core.package_identification:_identify(runs/20260228_230606_hover) by extensions ['ignore', 'ignore_ament_install']
[0.109s] Level 1:colcon.colcon_core.package_identification:_identify(runs/20260228_230606_hover) by extension 'ignore'
[0.109s] Level 1:colcon.colcon_core.package_identification:_identify(runs/20260228_230606_hover) by extension 'ignore_ament_install'
[0.109s] Level 1:colcon.colcon_core.package_identification:_identify(runs/20260228_230606_hover) by extensions ['colcon_pkg']
[0.109s] Level 1:colcon.colcon_core.package_identification:_identify(runs/20260228_230606_hover) by extension 'colcon_pkg'
[0.109s] Level 1:colcon.colcon_core.package_identification:_identify(runs/20260228_230606_hover) by extensions ['colcon_meta']
[0.109s] Level 1:colcon.colcon_core.package_identification:_identify(runs/20260228_230606_hover) by extension 'colcon_meta'
[0.110s] Level 1:colcon.colcon_core.package_identification:_identify(runs/20260228_230606_hover) by extensions ['ros']
[0.110s] Level 1:colcon.colcon_core.package_identification:_identify(runs/20260228_230606_hover) by extension 'ros'
[0.110s] Level 1:colcon.colcon_core.package_identification:_identify(runs/20260228_230606_hover) by extensions ['cmake', 'python']
[0.110s] Level 1:colcon.colcon_core.package_identification:_identify(runs/20260228_230606_hover) by extension 'cmake'
[0.110s] Level 1:colcon.colcon_core.package_identification:_identify(runs/20260228_230606_hover) by extension 'python'
[0.110s] Level 1:colcon.colcon_core.package_identification:_identify(runs/20260228_230606_hover) by extensions ['python_setup_py']
[0.110s] Level 1:colcon.colcon_core.package_identification:_identify(runs/20260228_230606_hover) by extension 'python_setup_py'
[0.110s] Level 1:colcon.colcon_core.package_identification:_identify(runs/20260228_230705_hover) by extensions ['ignore', 'ignore_ament_install']
[0.110s] Level 1:colcon.colcon_core.package_identification:_identify(runs/20260228_230705_hover) by extension 'ignore'
[0.110s] Level 1:colcon.colcon_core.package_identification:_identify(runs/20260228_230705_hover) by extension 'ignore_ament_install'
[0.110s] Level 1:colcon.colcon_core.package_identification:_identify(runs/20260228_230705_hover) by extensions ['colcon_pkg']
[0.110s] Level 1:colcon.colcon_core.package_identification:_identify(runs/20260228_230705_hover) by extension 'colcon_pkg'
[0.110s] Level 1:colcon.colcon_core.package_identification:_identify(runs/20260228_230705_hover) by extensions ['colcon_meta']
[0.110s] Level 1:colcon.colcon_core.package_identification:_identify(runs/20260228_230705_hover) by extension 'colcon_meta'
[0.110s] Level 1:colcon.colcon_core.package_identification:_identify(runs/20260228_230705_hover) by extensions ['ros']
[0.110s] Level 1:colcon.colcon_core.package_identification:_identify(runs/20260228_230705_hover) by extension 'ros'
[0.110s] Level 1:colcon.colcon_core.package_identification:_identify(runs/20260228_230705_hover) by extensions ['cmake', 'python']
[0.110s] Level 1:colcon.colcon_core.package_identification:_identify(runs/20260228_230705_hover) by extension 'cmake'
[0.110s] Level 1:colcon.colcon_core.package_identification:_identify(runs/20260228_230705_hover) by extension 'python'
[0.110s] Level 1:colcon.colcon_core.package_identification:_identify(runs/20260228_230705_hover) by extensions ['python_setup_py']
[0.110s] Level 1:colcon.colcon_core.package_identification:_identify(runs/20260228_230705_hover) by extension 'python_setup_py'
[0.110s] Level 1:colcon.colcon_core.package_identification:_identify(runs/20260228_232218_hover) by extensions ['ignore', 'ignore_ament_install']
[0.110s] Level 1:colcon.colcon_core.package_identification:_identify(runs/20260228_232218_hover) by extension 'ignore'
[0.110s] Level 1:colcon.colcon_core.package_identification:_identify(runs/20260228_232218_hover) by extension 'ignore_ament_install'
[0.110s] Level 1:colcon.colcon_core.package_identification:_identify(runs/20260228_232218_hover) by extensions ['colcon_pkg']
[0.110s] Level 1:colcon.colcon_core.package_identification:_identify(runs/20260228_232218_hover) by extension 'colcon_pkg'
[0.110s] Level 1:colcon.colcon_core.package_identification:_identify(runs/20260228_232218_hover) by extensions ['colcon_meta']
[0.110s] Level 1:colcon.colcon_core.package_identification:_identify(runs/20260228_232218_hover) by extension 'colcon_meta'
[0.110s] Level 1:colcon.colcon_core.package_identification:_identify(runs/20260228_232218_hover) by extensions ['ros']
[0.110s] Level 1:colcon.colcon_core.package_identification:_identify(runs/20260228_232218_hover) by extension 'ros'
[0.110s] Level 1:colcon.colcon_core.package_identification:_identify(runs/20260228_232218_hover) by extensions ['cmake', 'python']
[0.110s] Level 1:colcon.colcon_core.package_identification:_identify(runs/20260228_232218_hover) by extension 'cmake'
[0.110s] Level 1:colcon.colcon_core.package_identification:_identify(runs/20260228_232218_hover) by extension 'python'
[0.110s] Level 1:colcon.colcon_core.package_identification:_identify(runs/20260228_232218_hover) by extensions ['python_setup_py']
[0.110s] Level 1:colcon.colcon_core.package_identification:_identify(runs/20260228_232218_hover) by extension 'python_setup_py'
[0.110s] Level 1:colcon.colcon_core.package_identification:_identify(runs/20260228_232319_linear) by extensions ['ignore', 'ignore_ament_install']
[0.110s] Level 1:colcon.colcon_core.package_identification:_identify(runs/20260228_232319_linear) by extension 'ignore'
[0.110s] Level 1:colcon.colcon_core.package_identification:_identify(runs/20260228_232319_linear) by extension 'ignore_ament_install'
[0.110s] Level 1:colcon.colcon_core.package_identification:_identify(runs/20260228_232319_linear) by extensions ['colcon_pkg']
[0.110s] Level 1:colcon.colcon_core.package_identification:_identify(runs/20260228_232319_linear) by extension 'colcon_pkg'
[0.110s] Level 1:colcon.colcon_core.package_identification:_identify(runs/20260228_232319_linear) by extensions ['colcon_meta']
[0.110s] Level 1:colcon.colcon_core.package_identification:_identify(runs/20260228_232319_linear) by extension 'colcon_meta'
[0.111s] Level 1:colcon.colcon_core.package_identification:_identify(runs/20260228_232319_linear) by extensions ['ros']
[0.111s] Level 1:colcon.colcon_core.package_identification:_identify(runs/20260228_232319_linear) by extension 'ros'
[0.111s] Level 1:colcon.colcon_core.package_identification:_identify(runs/20260228_232319_linear) by extensions ['cmake', 'python']
[0.111s] Level 1:colcon.colcon_core.package_identification:_identify(runs/20260228_232319_linear) by extension 'cmake'
[0.111s] Level 1:colcon.colcon_core.package_identification:_identify(runs/20260228_232319_linear) by extension 'python'
[0.111s] Level 1:colcon.colcon_core.package_identification:_identify(runs/20260228_232319_linear) by extensions ['python_setup_py']
[0.111s] Level 1:colcon.colcon_core.package_identification:_identify(runs/20260228_232319_linear) by extension 'python_setup_py'
[0.111s] Level 1:colcon.colcon_core.package_identification:_identify(runs/20260228_232355_linear) by extensions ['ignore', 'ignore_ament_install']
[0.111s] Level 1:colcon.colcon_core.package_identification:_identify(runs/20260228_232355_linear) by extension 'ignore'
[0.111s] Level 1:colcon.colcon_core.package_identification:_identify(runs/20260228_232355_linear) by extension 'ignore_ament_install'
[0.111s] Level 1:colcon.colcon_core.package_identification:_identify(runs/20260228_232355_linear) by extensions ['colcon_pkg']
[0.111s] Level 1:colcon.colcon_core.package_identification:_identify(runs/20260228_232355_linear) by extension 'colcon_pkg'
[0.111s] Level 1:colcon.colcon_core.package_identification:_identify(runs/20260228_232355_linear) by extensions ['colcon_meta']
[0.111s] Level 1:colcon.colcon_core.package_identification:_identify(runs/20260228_232355_linear) by extension 'colcon_meta'
[0.111s] Level 1:colcon.colcon_core.package_identification:_identify(runs/20260228_232355_linear) by extensions ['ros']
[0.111s] Level 1:colcon.colcon_core.package_identification:_identify(runs/20260228_232355_linear) by extension 'ros'
[0.111s] Level 1:colcon.colcon_core.package_identification:_identify(runs/20260228_232355_linear) by extensions ['cmake', 'python']
[0.111s] Level 1:colcon.colcon_core.package_identification:_identify(runs/20260228_232355_linear) by extension 'cmake'
[0.111s] Level 1:colcon.colcon_core.package_identification:_identify(runs/20260228_232355_linear) by extension 'python'
[0.111s] Level 1:colcon.colcon_core.package_identification:_identify(runs/20260228_232355_linear) by extensions ['python_setup_py']
[0.111s] Level 1:colcon.colcon_core.package_identification:_identify(runs/20260228_232355_linear) by extension 'python_setup_py'
[0.111s] Level 1:colcon.colcon_core.package_identification:_identify(runs/20260228_232430_linear) by extensions ['ignore', 'ignore_ament_install']
[0.111s] Level 1:colcon.colcon_core.package_identification:_identify(runs/20260228_232430_linear) by extension 'ignore'
[0.111s] Level 1:colcon.colcon_core.package_identification:_identify(runs/20260228_232430_linear) by extension 'ignore_ament_install'
[0.111s] Level 1:colcon.colcon_core.package_identification:_identify(runs/20260228_232430_linear) by extensions ['colcon_pkg']
[0.111s] Level 1:colcon.colcon_core.package_identification:_identify(runs/20260228_232430_linear) by extension 'colcon_pkg'
[0.111s] Level 1:colcon.colcon_core.package_identification:_identify(runs/20260228_232430_linear) by extensions ['colcon_meta']
[0.111s] Level 1:colcon.colcon_core.package_identification:_identify(runs/20260228_232430_linear) by extension 'colcon_meta'
[0.111s] Level 1:colcon.colcon_core.package_identification:_identify(runs/20260228_232430_linear) by extensions ['ros']
[0.111s] Level 1:colcon.colcon_core.package_identification:_identify(runs/20260228_232430_linear) by extension 'ros'
[0.111s] Level 1:colcon.colcon_core.package_identification:_identify(runs/20260228_232430_linear) by extensions ['cmake', 'python']
[0.111s] Level 1:colcon.colcon_core.package_identification:_identify(runs/20260228_232430_linear) by extension 'cmake'
[0.111s] Level 1:colcon.colcon_core.package_identification:_identify(runs/20260228_232430_linear) by extension 'python'
[0.111s] Level 1:colcon.colcon_core.package_identification:_identify(runs/20260228_232430_linear) by extensions ['python_setup_py']
[0.111s] Level 1:colcon.colcon_core.package_identification:_identify(runs/20260228_232430_linear) by extension 'python_setup_py'
[0.111s] Level 1:colcon.colcon_core.package_identification:_identify(runs/20260228_232518_box) by extensions ['ignore', 'ignore_ament_install']
[0.111s] Level 1:colcon.colcon_core.package_identification:_identify(runs/20260228_232518_box) by extension 'ignore'
[0.111s] Level 1:colcon.colcon_core.package_identification:_identify(runs/20260228_232518_box) by extension 'ignore_ament_install'
[0.111s] Level 1:colcon.colcon_core.package_identification:_identify(runs/20260228_232518_box) by extensions ['colcon_pkg']
[0.111s] Level 1:colcon.colcon_core.package_identification:_identify(runs/20260228_232518_box) by extension 'colcon_pkg'
[0.111s] Level 1:colcon.colcon_core.package_identification:_identify(runs/20260228_232518_box) by extensions ['colcon_meta']
[0.111s] Level 1:colcon.colcon_core.package_identification:_identify(runs/20260228_232518_box) by extension 'colcon_meta'
[0.111s] Level 1:colcon.colcon_core.package_identification:_identify(runs/20260228_232518_box) by extensions ['ros']
[0.112s] Level 1:colcon.colcon_core.package_identification:_identify(runs/20260228_232518_box) by extension 'ros'
[0.112s] Level 1:colcon.colcon_core.package_identification:_identify(runs/20260228_232518_box) by extensions ['cmake', 'python']
[0.112s] Level 1:colcon.colcon_core.package_identification:_identify(runs/20260228_232518_box) by extension 'cmake'
[0.112s] Level 1:colcon.colcon_core.package_identification:_identify(runs/20260228_232518_box) by extension 'python'
[0.112s] Level 1:colcon.colcon_core.package_identification:_identify(runs/20260228_232518_box) by extensions ['python_setup_py']
[0.112s] Level 1:colcon.colcon_core.package_identification:_identify(runs/20260228_232518_box) by extension 'python_setup_py'
[0.112s] Level 1:colcon.colcon_core.package_identification:_identify(runs/20260228_232647_circle) by extensions ['ignore', 'ignore_ament_install']
[0.112s] Level 1:colcon.colcon_core.package_identification:_identify(runs/20260228_232647_circle) by extension 'ignore'
[0.112s] Level 1:colcon.colcon_core.package_identification:_identify(runs/20260228_232647_circle) by extension 'ignore_ament_install'
[0.112s] Level 1:colcon.colcon_core.package_identification:_identify(runs/20260228_232647_circle) by extensions ['colcon_pkg']
[0.112s] Level 1:colcon.colcon_core.package_identification:_identify(runs/20260228_232647_circle) by extension 'colcon_pkg'
[0.112s] Level 1:colcon.colcon_core.package_identification:_identify(runs/20260228_232647_circle) by extensions ['colcon_meta']
[0.112s] Level 1:colcon.colcon_core.package_identification:_identify(runs/20260228_232647_circle) by extension 'colcon_meta'
[0.112s] Level 1:colcon.colcon_core.package_identification:_identify(runs/20260228_232647_circle) by extensions ['ros']
[0.112s] Level 1:colcon.colcon_core.package_identification:_identify(runs/20260228_232647_circle) by extension 'ros'
[0.112s] Level 1:colcon.colcon_core.package_identification:_identify(runs/20260228_232647_circle) by extensions ['cmake', 'python']
[0.112s] Level 1:colcon.colcon_core.package_identification:_identify(runs/20260228_232647_circle) by extension 'cmake'
[0.112s] Level 1:colcon.colcon_core.package_identification:_identify(runs/20260228_232647_circle) by extension 'python'
[0.112s] Level 1:colcon.colcon_core.package_identification:_identify(runs/20260228_232647_circle) by extensions ['python_setup_py']
[0.112s] Level 1:colcon.colcon_core.package_identification:_identify(runs/20260228_232647_circle) by extension 'python_setup_py'
[0.112s] Level 1:colcon.colcon_core.package_identification:_identify(runs/20260228_232736_circle) by extensions ['ignore', 'ignore_ament_install']
[0.112s] Level 1:colcon.colcon_core.package_identification:_identify(runs/20260228_232736_circle) by extension 'ignore'
[0.112s] Level 1:colcon.colcon_core.package_identification:_identify(runs/20260228_232736_circle) by extension 'ignore_ament_install'
[0.112s] Level 1:colcon.colcon_core.package_identification:_identify(runs/20260228_232736_circle) by extensions ['colcon_pkg']
[0.112s] Level 1:colcon.colcon_core.package_identification:_identify(runs/20260228_232736_circle) by extension 'colcon_pkg'
[0.112s] Level 1:colcon.colcon_core.package_identification:_identify(runs/20260228_232736_circle) by extensions ['colcon_meta']
[0.112s] Level 1:colcon.colcon_core.package_identification:_identify(runs/20260228_232736_circle) by extension 'colcon_meta'
[0.112s] Level 1:colcon.colcon_core.package_identification:_identify(runs/20260228_232736_circle) by extensions ['ros']
[0.112s] Level 1:colcon.colcon_core.package_identification:_identify(runs/20260228_232736_circle) by extension 'ros'
[0.112s] Level 1:colcon.colcon_core.package_identification:_identify(runs/20260228_232736_circle) by extensions ['cmake', 'python']
[0.112s] Level 1:colcon.colcon_core.package_identification:_identify(runs/20260228_232736_circle) by extension 'cmake'
[0.112s] Level 1:colcon.colcon_core.package_identification:_identify(runs/20260228_232736_circle) by extension 'python'
[0.112s] Level 1:colcon.colcon_core.package_identification:_identify(runs/20260228_232736_circle) by extensions ['python_setup_py']
[0.112s] Level 1:colcon.colcon_core.package_identification:_identify(runs/20260228_232736_circle) by extension 'python_setup_py'
[0.112s] Level 1:colcon.colcon_core.package_identification:_identify(runs/20260228_232856_figure8) by extensions ['ignore', 'ignore_ament_install']
[0.112s] Level 1:colcon.colcon_core.package_identification:_identify(runs/20260228_232856_figure8) by extension 'ignore'
[0.112s] Level 1:colcon.colcon_core.package_identification:_identify(runs/20260228_232856_figure8) by extension 'ignore_ament_install'
[0.112s] Level 1:colcon.colcon_core.package_identification:_identify(runs/20260228_232856_figure8) by extensions ['colcon_pkg']
[0.112s] Level 1:colcon.colcon_core.package_identification:_identify(runs/20260228_232856_figure8) by extension 'colcon_pkg'
[0.112s] Level 1:colcon.colcon_core.package_identification:_identify(runs/20260228_232856_figure8) by extensions ['colcon_meta']
[0.112s] Level 1:colcon.colcon_core.package_identification:_identify(runs/20260228_232856_figure8) by extension 'colcon_meta'
[0.112s] Level 1:colcon.colcon_core.package_identification:_identify(runs/20260228_232856_figure8) by extensions ['ros']
[0.112s] Level 1:colcon.colcon_core.package_identification:_identify(runs/20260228_232856_figure8) by extension 'ros'
[0.113s] Level 1:colcon.colcon_core.package_identification:_identify(runs/20260228_232856_figure8) by extensions ['cmake', 'python']
[0.113s] Level 1:colcon.colcon_core.package_identification:_identify(runs/20260228_232856_figure8) by extension 'cmake'
[0.113s] Level 1:colcon.colcon_core.package_identification:_identify(runs/20260228_232856_figure8) by extension 'python'
[0.113s] Level 1:colcon.colcon_core.package_identification:_identify(runs/20260228_232856_figure8) by extensions ['python_setup_py']
[0.113s] Level 1:colcon.colcon_core.package_identification:_identify(runs/20260228_232856_figure8) by extension 'python_setup_py'
[0.113s] Level 1:colcon.colcon_core.package_identification:_identify(runs/20260228_233007_figure8) by extensions ['ignore', 'ignore_ament_install']
[0.113s] Level 1:colcon.colcon_core.package_identification:_identify(runs/20260228_233007_figure8) by extension 'ignore'
[0.113s] Level 1:colcon.colcon_core.package_identification:_identify(runs/20260228_233007_figure8) by extension 'ignore_ament_install'
[0.113s] Level 1:colcon.colcon_core.package_identification:_identify(runs/20260228_233007_figure8) by extensions ['colcon_pkg']
[0.113s] Level 1:colcon.colcon_core.package_identification:_identify(runs/20260228_233007_figure8) by extension 'colcon_pkg'
[0.113s] Level 1:colcon.colcon_core.package_identification:_identify(runs/20260228_233007_figure8) by extensions ['colcon_meta']
[0.113s] Level 1:colcon.colcon_core.package_identification:_identify(runs/20260228_233007_figure8) by extension 'colcon_meta'
[0.113s] Level 1:colcon.colcon_core.package_identification:_identify(runs/20260228_233007_figure8) by extensions ['ros']
[0.113s] Level 1:colcon.colcon_core.package_identification:_identify(runs/20260228_233007_figure8) by extension 'ros'
[0.113s] Level 1:colcon.colcon_core.package_identification:_identify(runs/20260228_233007_figure8) by extensions ['cmake', 'python']
[0.113s] Level 1:colcon.colcon_core.package_identification:_identify(runs/20260228_233007_figure8) by extension 'cmake'
[0.113s] Level 1:colcon.colcon_core.package_identification:_identify(runs/20260228_233007_figure8) by extension 'python'
[0.113s] Level 1:colcon.colcon_core.package_identification:_identify(runs/20260228_233007_figure8) by extensions ['python_setup_py']
[0.113s] Level 1:colcon.colcon_core.package_identification:_identify(runs/20260228_233007_figure8) by extension 'python_setup_py'
[0.113s] Level 1:colcon.colcon_core.package_identification:_identify(trajectory_plots) by extensions ['ignore', 'ignore_ament_install']
[0.113s] Level 1:colcon.colcon_core.package_identification:_identify(trajectory_plots) by extension 'ignore'
[0.113s] Level 1:colcon.colcon_core.package_identification:_identify(trajectory_plots) by extension 'ignore_ament_install'
[0.113s] Level 1:colcon.colcon_core.package_identification:_identify(trajectory_plots) by extensions ['colcon_pkg']
[0.113s] Level 1:colcon.colcon_core.package_identification:_identify(trajectory_plots) by extension 'colcon_pkg'
[0.113s] Level 1:colcon.colcon_core.package_identification:_identify(trajectory_plots) by extensions ['colcon_meta']
[0.113s] Level 1:colcon.colcon_core.package_identification:_identify(trajectory_plots) by extension 'colcon_meta'
[0.113s] Level 1:colcon.colcon_core.package_identification:_identify(trajectory_plots) by extensions ['ros']
[0.113s] Level 1:colcon.colcon_core.package_identification:_identify(trajectory_plots) by extension 'ros'
[0.113s] Level 1:colcon.colcon_core.package_identification:_identify(trajectory_plots) by extensions ['cmake', 'python']
[0.113s] Level 1:colcon.colcon_core.package_identification:_identify(trajectory_plots) by extension 'cmake'
[0.113s] Level 1:colcon.colcon_core.package_identification:_identify(trajectory_plots) by extension 'python'
[0.113s] Level 1:colcon.colcon_core.package_identification:_identify(trajectory_plots) by extensions ['python_setup_py']
[0.113s] Level 1:colcon.colcon_core.package_identification:_identify(trajectory_plots) by extension 'python_setup_py'
[0.113s] Level 1:colcon.colcon_core.package_identification:_identify(trajectory_plots/circle) by extensions ['ignore', 'ignore_ament_install']
[0.113s] Level 1:colcon.colcon_core.package_identification:_identify(trajectory_plots/circle) by extension 'ignore'
[0.113s] Level 1:colcon.colcon_core.package_identification:_identify(trajectory_plots/circle) by extension 'ignore_ament_install'
[0.113s] Level 1:colcon.colcon_core.package_identification:_identify(trajectory_plots/circle) by extensions ['colcon_pkg']
[0.113s] Level 1:colcon.colcon_core.package_identification:_identify(trajectory_plots/circle) by extension 'colcon_pkg'
[0.113s] Level 1:colcon.colcon_core.package_identification:_identify(trajectory_plots/circle) by extensions ['colcon_meta']
[0.113s] Level 1:colcon.colcon_core.package_identification:_identify(trajectory_plots/circle) by extension 'colcon_meta'
[0.113s] Level 1:colcon.colcon_core.package_identification:_identify(trajectory_plots/circle) by extensions ['ros']
[0.113s] Level 1:colcon.colcon_core.package_identification:_identify(trajectory_plots/circle) by extension 'ros'
[0.114s] Level 1:colcon.colcon_core.package_identification:_identify(trajectory_plots/circle) by extensions ['cmake', 'python']
[0.114s] Level 1:colcon.colcon_core.package_identification:_identify(trajectory_plots/circle) by extension 'cmake'
[0.114s] Level 1:colcon.colcon_core.package_identification:_identify(trajectory_plots/circle) by extension 'python'
[0.114s] Level 1:colcon.colcon_core.package_identification:_identify(trajectory_plots/circle) by extensions ['python_setup_py']
[0.114s] Level 1:colcon.colcon_core.package_identification:_identify(trajectory_plots/circle) by extension 'python_setup_py'
[0.114s] Level 1:colcon.colcon_core.package_identification:_identify(trajectory_plots/fast_circle) by extensions ['ignore', 'ignore_ament_install']
[0.114s] Level 1:colcon.colcon_core.package_identification:_identify(trajectory_plots/fast_circle) by extension 'ignore'
[0.114s] Level 1:colcon.colcon_core.package_identification:_identify(trajectory_plots/fast_circle) by extension 'ignore_ament_install'
[0.114s] Level 1:colcon.colcon_core.package_identification:_identify(trajectory_plots/fast_circle) by extensions ['colcon_pkg']
[0.114s] Level 1:colcon.colcon_core.package_identification:_identify(trajectory_plots/fast_circle) by extension 'colcon_pkg'
[0.114s] Level 1:colcon.colcon_core.package_identification:_identify(trajectory_plots/fast_circle) by extensions ['colcon_meta']
[0.114s] Level 1:colcon.colcon_core.package_identification:_identify(trajectory_plots/fast_circle) by extension 'colcon_meta'
[0.114s] Level 1:colcon.colcon_core.package_identification:_identify(trajectory_plots/fast_circle) by extensions ['ros']
[0.114s] Level 1:colcon.colcon_core.package_identification:_identify(trajectory_plots/fast_circle) by extension 'ros'
[0.114s] Level 1:colcon.colcon_core.package_identification:_identify(trajectory_plots/fast_circle) by extensions ['cmake', 'python']
[0.114s] Level 1:colcon.colcon_core.package_identification:_identify(trajectory_plots/fast_circle) by extension 'cmake'
[0.114s] Level 1:colcon.colcon_core.package_identification:_identify(trajectory_plots/fast_circle) by extension 'python'
[0.114s] Level 1:colcon.colcon_core.package_identification:_identify(trajectory_plots/fast_circle) by extensions ['python_setup_py']
[0.114s] Level 1:colcon.colcon_core.package_identification:_identify(trajectory_plots/fast_circle) by extension 'python_setup_py'
[0.114s] Level 1:colcon.colcon_core.package_identification:_identify(trajectory_plots/fast_figure8) by extensions ['ignore', 'ignore_ament_install']
[0.114s] Level 1:colcon.colcon_core.package_identification:_identify(trajectory_plots/fast_figure8) by extension 'ignore'
[0.114s] Level 1:colcon.colcon_core.package_identification:_identify(trajectory_plots/fast_figure8) by extension 'ignore_ament_install'
[0.114s] Level 1:colcon.colcon_core.package_identification:_identify(trajectory_plots/fast_figure8) by extensions ['colcon_pkg']
[0.114s] Level 1:colcon.colcon_core.package_identification:_identify(trajectory_plots/fast_figure8) by extension 'colcon_pkg'
[0.114s] Level 1:colcon.colcon_core.package_identification:_identify(trajectory_plots/fast_figure8) by extensions ['colcon_meta']
[0.114s] Level 1:colcon.colcon_core.package_identification:_identify(trajectory_plots/fast_figure8) by extension 'colcon_meta'
[0.114s] Level 1:colcon.colcon_core.package_identification:_identify(trajectory_plots/fast_figure8) by extensions ['ros']
[0.114s] Level 1:colcon.colcon_core.package_identification:_identify(trajectory_plots/fast_figure8) by extension 'ros'
[0.114s] Level 1:colcon.colcon_core.package_identification:_identify(trajectory_plots/fast_figure8) by extensions ['cmake', 'python']
[0.114s] Level 1:colcon.colcon_core.package_identification:_identify(trajectory_plots/fast_figure8) by extension 'cmake'
[0.114s] Level 1:colcon.colcon_core.package_identification:_identify(trajectory_plots/fast_figure8) by extension 'python'
[0.114s] Level 1:colcon.colcon_core.package_identification:_identify(trajectory_plots/fast_figure8) by extensions ['python_setup_py']
[0.114s] Level 1:colcon.colcon_core.package_identification:_identify(trajectory_plots/fast_figure8) by extension 'python_setup_py'
[0.114s] Level 1:colcon.colcon_core.package_identification:_identify(trajectory_plots/fast_flip) by extensions ['ignore', 'ignore_ament_install']
[0.114s] Level 1:colcon.colcon_core.package_identification:_identify(trajectory_plots/fast_flip) by extension 'ignore'
[0.114s] Level 1:colcon.colcon_core.package_identification:_identify(trajectory_plots/fast_flip) by extension 'ignore_ament_install'
[0.114s] Level 1:colcon.colcon_core.package_identification:_identify(trajectory_plots/fast_flip) by extensions ['colcon_pkg']
[0.114s] Level 1:colcon.colcon_core.package_identification:_identify(trajectory_plots/fast_flip) by extension 'colcon_pkg'
[0.114s] Level 1:colcon.colcon_core.package_identification:_identify(trajectory_plots/fast_flip) by extensions ['colcon_meta']
[0.114s] Level 1:colcon.colcon_core.package_identification:_identify(trajectory_plots/fast_flip) by extension 'colcon_meta'
[0.114s] Level 1:colcon.colcon_core.package_identification:_identify(trajectory_plots/fast_flip) by extensions ['ros']
[0.114s] Level 1:colcon.colcon_core.package_identification:_identify(trajectory_plots/fast_flip) by extension 'ros'
[0.115s] Level 1:colcon.colcon_core.package_identification:_identify(trajectory_plots/fast_flip) by extensions ['cmake', 'python']
[0.115s] Level 1:colcon.colcon_core.package_identification:_identify(trajectory_plots/fast_flip) by extension 'cmake'
[0.115s] Level 1:colcon.colcon_core.package_identification:_identify(trajectory_plots/fast_flip) by extension 'python'
[0.115s] Level 1:colcon.colcon_core.package_identification:_identify(trajectory_plots/fast_flip) by extensions ['python_setup_py']
[0.115s] Level 1:colcon.colcon_core.package_identification:_identify(trajectory_plots/fast_flip) by extension 'python_setup_py'
[0.115s] Level 1:colcon.colcon_core.package_identification:_identify(trajectory_plots/fast_helix) by extensions ['ignore', 'ignore_ament_install']
[0.115s] Level 1:colcon.colcon_core.package_identification:_identify(trajectory_plots/fast_helix) by extension 'ignore'
[0.115s] Level 1:colcon.colcon_core.package_identification:_identify(trajectory_plots/fast_helix) by extension 'ignore_ament_install'
[0.115s] Level 1:colcon.colcon_core.package_identification:_identify(trajectory_plots/fast_helix) by extensions ['colcon_pkg']
[0.115s] Level 1:colcon.colcon_core.package_identification:_identify(trajectory_plots/fast_helix) by extension 'colcon_pkg'
[0.115s] Level 1:colcon.colcon_core.package_identification:_identify(trajectory_plots/fast_helix) by extensions ['colcon_meta']
[0.115s] Level 1:colcon.colcon_core.package_identification:_identify(trajectory_plots/fast_helix) by extension 'colcon_meta'
[0.115s] Level 1:colcon.colcon_core.package_identification:_identify(trajectory_plots/fast_helix) by extensions ['ros']
[0.115s] Level 1:colcon.colcon_core.package_identification:_identify(trajectory_plots/fast_helix) by extension 'ros'
[0.115s] Level 1:colcon.colcon_core.package_identification:_identify(trajectory_plots/fast_helix) by extensions ['cmake', 'python']
[0.115s] Level 1:colcon.colcon_core.package_identification:_identify(trajectory_plots/fast_helix) by extension 'cmake'
[0.115s] Level 1:colcon.colcon_core.package_identification:_identify(trajectory_plots/fast_helix) by extension 'python'
[0.115s] Level 1:colcon.colcon_core.package_identification:_identify(trajectory_plots/fast_helix) by extensions ['python_setup_py']
[0.115s] Level 1:colcon.colcon_core.package_identification:_identify(trajectory_plots/fast_helix) by extension 'python_setup_py'
[0.115s] Level 1:colcon.colcon_core.package_identification:_identify(trajectory_plots/fast_roll) by extensions ['ignore', 'ignore_ament_install']
[0.115s] Level 1:colcon.colcon_core.package_identification:_identify(trajectory_plots/fast_roll) by extension 'ignore'
[0.115s] Level 1:colcon.colcon_core.package_identification:_identify(trajectory_plots/fast_roll) by extension 'ignore_ament_install'
[0.115s] Level 1:colcon.colcon_core.package_identification:_identify(trajectory_plots/fast_roll) by extensions ['colcon_pkg']
[0.115s] Level 1:colcon.colcon_core.package_identification:_identify(trajectory_plots/fast_roll) by extension 'colcon_pkg'
[0.115s] Level 1:colcon.colcon_core.package_identification:_identify(trajectory_plots/fast_roll) by extensions ['colcon_meta']
[0.115s] Level 1:colcon.colcon_core.package_identification:_identify(trajectory_plots/fast_roll) by extension 'colcon_meta'
[0.115s] Level 1:colcon.colcon_core.package_identification:_identify(trajectory_plots/fast_roll) by extensions ['ros']
[0.115s] Level 1:colcon.colcon_core.package_identification:_identify(trajectory_plots/fast_roll) by extension 'ros'
[0.115s] Level 1:colcon.colcon_core.package_identification:_identify(trajectory_plots/fast_roll) by extensions ['cmake', 'python']
[0.115s] Level 1:colcon.colcon_core.package_identification:_identify(trajectory_plots/fast_roll) by extension 'cmake'
[0.115s] Level 1:colcon.colcon_core.package_identification:_identify(trajectory_plots/fast_roll) by extension 'python'
[0.115s] Level 1:colcon.colcon_core.package_identification:_identify(trajectory_plots/fast_roll) by extensions ['python_setup_py']
[0.115s] Level 1:colcon.colcon_core.package_identification:_identify(trajectory_plots/fast_roll) by extension 'python_setup_py'
[0.115s] Level 1:colcon.colcon_core.package_identification:_identify(trajectory_plots/figure8) by extensions ['ignore', 'ignore_ament_install']
[0.115s] Level 1:colcon.colcon_core.package_identification:_identify(trajectory_plots/figure8) by extension 'ignore'
[0.115s] Level 1:colcon.colcon_core.package_identification:_identify(trajectory_plots/figure8) by extension 'ignore_ament_install'
[0.115s] Level 1:colcon.colcon_core.package_identification:_identify(trajectory_plots/figure8) by extensions ['colcon_pkg']
[0.115s] Level 1:colcon.colcon_core.package_identification:_identify(trajectory_plots/figure8) by extension 'colcon_pkg'
[0.115s] Level 1:colcon.colcon_core.package_identification:_identify(trajectory_plots/figure8) by extensions ['colcon_meta']
[0.115s] Level 1:colcon.colcon_core.package_identification:_identify(trajectory_plots/figure8) by extension 'colcon_meta'
[0.115s] Level 1:colcon.colcon_core.package_identification:_identify(trajectory_plots/figure8) by extensions ['ros']
[0.115s] Level 1:colcon.colcon_core.package_identification:_identify(trajectory_plots/figure8) by extension 'ros'
[0.115s] Level 1:colcon.colcon_core.package_identification:_identify(trajectory_plots/figure8) by extensions ['cmake', 'python']
[0.115s] Level 1:colcon.colcon_core.package_identification:_identify(trajectory_plots/figure8) by extension 'cmake'
[0.116s] Level 1:colcon.colcon_core.package_identification:_identify(trajectory_plots/figure8) by extension 'python'
[0.116s] Level 1:colcon.colcon_core.package_identification:_identify(trajectory_plots/figure8) by extensions ['python_setup_py']
[0.116s] Level 1:colcon.colcon_core.package_identification:_identify(trajectory_plots/figure8) by extension 'python_setup_py'
[0.116s] Level 1:colcon.colcon_core.package_identification:_identify(trajectory_plots/flip) by extensions ['ignore', 'ignore_ament_install']
[0.116s] Level 1:colcon.colcon_core.package_identification:_identify(trajectory_plots/flip) by extension 'ignore'
[0.116s] Level 1:colcon.colcon_core.package_identification:_identify(trajectory_plots/flip) by extension 'ignore_ament_install'
[0.116s] Level 1:colcon.colcon_core.package_identification:_identify(trajectory_plots/flip) by extensions ['colcon_pkg']
[0.116s] Level 1:colcon.colcon_core.package_identification:_identify(trajectory_plots/flip) by extension 'colcon_pkg'
[0.116s] Level 1:colcon.colcon_core.package_identification:_identify(trajectory_plots/flip) by extensions ['colcon_meta']
[0.116s] Level 1:colcon.colcon_core.package_identification:_identify(trajectory_plots/flip) by extension 'colcon_meta'
[0.116s] Level 1:colcon.colcon_core.package_identification:_identify(trajectory_plots/flip) by extensions ['ros']
[0.116s] Level 1:colcon.colcon_core.package_identification:_identify(trajectory_plots/flip) by extension 'ros'
[0.116s] Level 1:colcon.colcon_core.package_identification:_identify(trajectory_plots/flip) by extensions ['cmake', 'python']
[0.116s] Level 1:colcon.colcon_core.package_identification:_identify(trajectory_plots/flip) by extension 'cmake'
[0.116s] Level 1:colcon.colcon_core.package_identification:_identify(trajectory_plots/flip) by extension 'python'
[0.116s] Level 1:colcon.colcon_core.package_identification:_identify(trajectory_plots/flip) by extensions ['python_setup_py']
[0.116s] Level 1:colcon.colcon_core.package_identification:_identify(trajectory_plots/flip) by extension 'python_setup_py'
[0.116s] Level 1:colcon.colcon_core.package_identification:_identify(trajectory_plots/helix) by extensions ['ignore', 'ignore_ament_install']
[0.116s] Level 1:colcon.colcon_core.package_identification:_identify(trajectory_plots/helix) by extension 'ignore'
[0.116s] Level 1:colcon.colcon_core.package_identification:_identify(trajectory_plots/helix) by extension 'ignore_ament_install'
[0.116s] Level 1:colcon.colcon_core.package_identification:_identify(trajectory_plots/helix) by extensions ['colcon_pkg']
[0.116s] Level 1:colcon.colcon_core.package_identification:_identify(trajectory_plots/helix) by extension 'colcon_pkg'
[0.116s] Level 1:colcon.colcon_core.package_identification:_identify(trajectory_plots/helix) by extensions ['colcon_meta']
[0.116s] Level 1:colcon.colcon_core.package_identification:_identify(trajectory_plots/helix) by extension 'colcon_meta'
[0.116s] Level 1:colcon.colcon_core.package_identification:_identify(trajectory_plots/helix) by extensions ['ros']
[0.116s] Level 1:colcon.colcon_core.package_identification:_identify(trajectory_plots/helix) by extension 'ros'
[0.116s] Level 1:colcon.colcon_core.package_identification:_identify(trajectory_plots/helix) by extensions ['cmake', 'python']
[0.116s] Level 1:colcon.colcon_core.package_identification:_identify(trajectory_plots/helix) by extension 'cmake'
[0.116s] Level 1:colcon.colcon_core.package_identification:_identify(trajectory_plots/helix) by extension 'python'
[0.116s] Level 1:colcon.colcon_core.package_identification:_identify(trajectory_plots/helix) by extensions ['python_setup_py']
[0.116s] Level 1:colcon.colcon_core.package_identification:_identify(trajectory_plots/helix) by extension 'python_setup_py'
[0.116s] Level 1:colcon.colcon_core.package_identification:_identify(trajectory_plots/roll) by extensions ['ignore', 'ignore_ament_install']
[0.116s] Level 1:colcon.colcon_core.package_identification:_identify(trajectory_plots/roll) by extension 'ignore'
[0.116s] Level 1:colcon.colcon_core.package_identification:_identify(trajectory_plots/roll) by extension 'ignore_ament_install'
[0.116s] Level 1:colcon.colcon_core.package_identification:_identify(trajectory_plots/roll) by extensions ['colcon_pkg']
[0.116s] Level 1:colcon.colcon_core.package_identification:_identify(trajectory_plots/roll) by extension 'colcon_pkg'
[0.116s] Level 1:colcon.colcon_core.package_identification:_identify(trajectory_plots/roll) by extensions ['colcon_meta']
[0.116s] Level 1:colcon.colcon_core.package_identification:_identify(trajectory_plots/roll) by extension 'colcon_meta'
[0.116s] Level 1:colcon.colcon_core.package_identification:_identify(trajectory_plots/roll) by extensions ['ros']
[0.116s] Level 1:colcon.colcon_core.package_identification:_identify(trajectory_plots/roll) by extension 'ros'
[0.116s] Level 1:colcon.colcon_core.package_identification:_identify(trajectory_plots/roll) by extensions ['cmake', 'python']
[0.116s] Level 1:colcon.colcon_core.package_identification:_identify(trajectory_plots/roll) by extension 'cmake'
[0.116s] Level 1:colcon.colcon_core.package_identification:_identify(trajectory_plots/roll) by extension 'python'
[0.116s] Level 1:colcon.colcon_core.package_identification:_identify(trajectory_plots/roll) by extensions ['python_setup_py']
[0.117s] Level 1:colcon.colcon_core.package_identification:_identify(trajectory_plots/roll) by extension 'python_setup_py'
[0.117s] Level 1:colcon.colcon_core.package_discovery:discover_packages(recursive) using defaults
[0.117s] Level 1:colcon.colcon_core.package_discovery:discover_packages(ignore) discover
[0.117s] Level 1:colcon.colcon_core.package_discovery:discover_packages(ignore) using defaults
[0.117s] Level 1:colcon.colcon_core.package_discovery:discover_packages(path) discover
[0.117s] Level 1:colcon.colcon_core.package_discovery:discover_packages(path) using defaults
[0.117s] WARNING:colcon.colcon_core.package_selection:ignoring unknown package 'crazyflie_examples' in --packages-select
[0.129s] Level 1:colcon.colcon_core.package_discovery:discover_packages(prefix_path) check parameters
[0.129s] Level 1:colcon.colcon_core.package_discovery:discover_packages(prefix_path) discover
[0.130s] DEBUG:colcon.colcon_installed_package_information.package_discovery:Found 0 installed packages in /home/flyingrobots/georg/flying_robot_course/Controls/install
[0.130s] DEBUG:colcon.colcon_installed_package_information.package_discovery:Found 0 installed packages in /home/flyingrobots/georg/crazyflie-firmware/install
[0.130s] DEBUG:colcon.colcon_installed_package_information.package_discovery:Found 7 installed packages in /home/flyingrobots/georg/ros2_ws/install
[0.131s] DEBUG:colcon.colcon_installed_package_information.package_discovery:Found 299 installed packages in /opt/ros/jazzy
[0.132s] Level 1:colcon.colcon_core.package_discovery:discover_packages(prefix_path) using defaults
[0.155s] INFO:colcon.colcon_core.executor:Executing jobs using 'parallel' executor
[0.156s] DEBUG:colcon.colcon_parallel_executor.executor.parallel:run_until_complete
[0.156s] DEBUG:colcon.colcon_parallel_executor.executor.parallel:closing loop
[0.156s] DEBUG:colcon.colcon_parallel_executor.executor.parallel:loop closed
[0.156s] DEBUG:colcon.colcon_parallel_executor.executor.parallel:run_until_complete finished with '0'
[0.156s] DEBUG:colcon.colcon_core.event_reactor:joining thread
[0.161s] INFO:colcon.colcon_core.plugin_system:Skipping extension 'colcon_notification.desktop_notification.terminal_notifier': Not used on non-Darwin systems
[0.161s] INFO:colcon.colcon_core.plugin_system:Skipping extension 'colcon_notification.desktop_notification.win32': Not used on non-Windows systems
[0.161s] INFO:colcon.colcon_notification.desktop_notification:Sending desktop notification using 'notify2'
[0.167s] DEBUG:colcon.colcon_core.event_reactor:joined thread
[0.168s] INFO:colcon.colcon_core.plugin_system:Skipping extension 'colcon_core.shell.bat': Not used on non-Windows systems
[0.169s] INFO:colcon.colcon_core.shell:Creating prefix script '/home/flyingrobots/georg/flying_robot_course/Controls/install/local_setup.ps1'
[0.169s] INFO:colcon.colcon_core.shell:Creating prefix util module '/home/flyingrobots/georg/flying_robot_course/Controls/install/_local_setup_util_ps1.py'
[0.170s] INFO:colcon.colcon_core.shell:Creating prefix chain script '/home/flyingrobots/georg/flying_robot_course/Controls/install/setup.ps1'
[0.170s] INFO:colcon.colcon_core.shell:Creating prefix script '/home/flyingrobots/georg/flying_robot_course/Controls/install/local_setup.sh'
[0.171s] INFO:colcon.colcon_core.shell:Creating prefix util module '/home/flyingrobots/georg/flying_robot_course/Controls/install/_local_setup_util_sh.py'
[0.171s] INFO:colcon.colcon_core.shell:Creating prefix chain script '/home/flyingrobots/georg/flying_robot_course/Controls/install/setup.sh'
[0.171s] INFO:colcon.colcon_core.shell:Creating prefix script '/home/flyingrobots/georg/flying_robot_course/Controls/install/local_setup.bash'
[0.172s] INFO:colcon.colcon_core.shell:Creating prefix chain script '/home/flyingrobots/georg/flying_robot_course/Controls/install/setup.bash'
[0.172s] INFO:colcon.colcon_core.shell:Creating prefix script '/home/flyingrobots/georg/flying_robot_course/Controls/install/local_setup.zsh'
[0.173s] INFO:colcon.colcon_core.shell:Creating prefix chain script '/home/flyingrobots/georg/flying_robot_course/Controls/install/setup.zsh'
