Running baseline_ours_flown...
Running baseline_omar_c...
Traceback (most recent call last):
  File "/home/georg/Desktop/flying_robot_course/experiments/analysis/indi_sil_package_run.py", line 297, in <module>
    main()
  File "/home/georg/Desktop/flying_robot_course/experiments/analysis/indi_sil_package_run.py", line 282, in main
    results.append(run_one(cfg))
  File "/home/georg/Desktop/flying_robot_course/experiments/analysis/indi_sil_package_run.py", line 177, in run_one
    return json.loads(text.splitlines()[-1])
  File "/usr/lib/python3.10/json/__init__.py", line 346, in loads
    return _default_decoder.decode(s)
  File "/usr/lib/python3.10/json/decoder.py", line 337, in decode
    obj, end = self.raw_decode(s, idx=_w(s, 0).end())
  File "/usr/lib/python3.10/json/decoder.py", line 355, in raw_decode
    raise JSONDecodeError("Expecting value", s, err.value) from None
json.decoder.JSONDecodeError: Expecting value: line 1 column 1 (char 0)
Running (1/24) baseline_ours_flown...
Running (2/24) baseline_omar_c...
Running (3/24) val_2026-09-11_987_matched...
Running (4/24) val_2026-09-11_483_matched...
Running (5/24) package_never_flown_rs-1_483_geo...
Running (6/24) val_2026-09-11_483_geo...
Running (7/24) grid_rs+1_kr2400_pos_flown...
Running (8/24) grid_rs+1_kr2400_pos_geo_like...
Running (9/24) grid_rs+1_kr2400_pos_matched_low_kr...
Running (10/24) grid_rs+1_kr987_pos_flown...
Running (11/24) grid_rs+1_kr987_pos_geo_like...
Running (12/24) grid_rs+1_kr987_pos_matched_low_kr...
Running (13/24) grid_rs+1_kr483_pos_flown...
Running (14/24) grid_rs+1_kr483_pos_geo_like...
Running (15/24) grid_rs+1_kr483_pos_matched_low_kr...
Running (16/24) grid_rs-1_kr2400_pos_flown...
Running (17/24) grid_rs-1_kr2400_pos_geo_like...
Running (18/24) grid_rs-1_kr2400_pos_matched_low_kr...
Running (19/24) grid_rs-1_kr987_pos_flown...
Running (20/24) grid_rs-1_kr987_pos_geo_like...
Running (21/24) grid_rs-1_kr987_pos_matched_low_kr...
Running (22/24) grid_rs-1_kr483_pos_flown...
Running (23/24) grid_rs-1_kr483_pos_geo_like...
Running (24/24) grid_rs-1_kr483_pos_matched_low_kr...

A module that was compiled using NumPy 1.x cannot be run in
NumPy 2.2.6 as it may crash. To support both 1.x and 2.x
versions of NumPy, modules must be compiled with NumPy 2.0.
Some module may need to rebuild instead e.g. with 'pybind11>=2.12'.

If you are a user of the module, the easiest solution will be to
downgrade to 'numpy<2' or try to upgrade the affected module.
We expect that some modules will need time to support NumPy 2.

Traceback (most recent call last):  File "/home/georg/Desktop/flying_robot_course/experiments/analysis/indi_sil_package_run.py", line 301, in <module>
    main()
  File "/home/georg/Desktop/flying_robot_course/experiments/analysis/indi_sil_package_run.py", line 293, in main
    plot_results(results)
  File "/home/georg/Desktop/flying_robot_course/experiments/analysis/indi_sil_package_run.py", line 237, in plot_results
    import matplotlib.pyplot as plt
  File "/usr/lib/python3/dist-packages/matplotlib/__init__.py", line 109, in <module>
    from . import _api, _version, cbook, docstring, rcsetup
  File "/usr/lib/python3/dist-packages/matplotlib/rcsetup.py", line 27, in <module>
    from matplotlib.colors import Colormap, is_color_like
  File "/usr/lib/python3/dist-packages/matplotlib/colors.py", line 56, in <module>
    from matplotlib import _api, cbook, scale
  File "/usr/lib/python3/dist-packages/matplotlib/scale.py", line 23, in <module>
    from matplotlib.ticker import (
  File "/usr/lib/python3/dist-packages/matplotlib/ticker.py", line 136, in <module>
    from matplotlib import transforms as mtransforms
  File "/usr/lib/python3/dist-packages/matplotlib/transforms.py", line 46, in <module>
    from matplotlib._path import (
AttributeError: _ARRAY_API not found
Wrote /home/georg/Desktop/flying_robot_course/experiments/analysis/out/indi_sil_package/results.json
Baseline validity: {'ours': 'not_reproduced', 'omar_c': 'not_reproduced', 'grid_interpretation': 'exploratory'}
