WARNING: experiments/logs/c1_2026-09-23_merged/C5_2026-09-23_18-06-27/C5_2026-09-23_18-06-27_merged_usd.csv: 1 drone(s) -- no interaction to learn, skipped.
WARNING: experiments/logs/c1_2026-09-23_merged/C5_2026-09-23_18-08-14/C5_2026-09-23_18-08-14_merged_usd.csv: 1 drone(s) -- no interaction to learn, skipped.
WARNING: experiments/logs/c1_2026-09-23_merged/C5_2026-09-23_18-16-49/C5_2026-09-23_18-16-49_merged_usd.csv: 1 drone(s) -- no interaction to learn, skipped.
WARNING: experiments/logs/c1_2026-09-23_merged/C5_2026-09-23_18-17-45/C5_2026-09-23_18-17-45_merged_usd.csv: 1 drone(s) -- no interaction to learn, skipped.
WARNING: experiments/logs/c1_2026-09-23_merged/C5_2026-09-23_18-18-41/C5_2026-09-23_18-18-41_merged_usd.csv: 1 drone(s) -- no interaction to learn, skipped.
WARNING: experiments/logs/c1_2026-09-23_merged/C5_2026-09-23_18-21-19/C5_2026-09-23_18-21-19_merged_usd.csv: 1 drone(s) -- no interaction to learn, skipped.
  WARNING: most samples had a_res identically zero. That is the signature of a missing RPM source, not of an absence of interaction.
/home/georg/.local/lib/python3.10/site-packages/torch/cuda/__init__.py:716: UserWarning: Can't initialize NVML
  warnings.warn("Can't initialize NVML")
dataset: 181489 samples from 18 file(s)
  experiments/logs/c1_2026-09-23_merged/A1_2026-09-23_17-17-26/A1_2026-09-23_17-17-26_merged_usd.csv: 2 drones x 7805 rows -> 7805 kept
  experiments/logs/c1_2026-09-23_merged/A1_2026-09-23_17-18-48/A1_2026-09-23_17-18-48_merged_usd.csv: 2 drones x 8052 rows -> 8052 kept
  experiments/logs/c1_2026-09-23_merged/A1_2026-09-23_17-36-06/A1_2026-09-23_17-36-06_merged_usd.csv: 2 drones x 8055 rows -> 8055 kept
  experiments/logs/c1_2026-09-23_merged/A1_2026-09-23_17-37-26/A1_2026-09-23_17-37-26_merged_usd.csv: 2 drones x 7983 rows -> 7983 kept
  experiments/logs/c1_2026-09-23_merged/A3_2026-09-23_17-45-03/A3_2026-09-23_17-45-03_merged_usd.csv: 2 drones x 10969 rows -> 10969 kept
  experiments/logs/c1_2026-09-23_merged/A3_2026-09-23_17-46-43/A3_2026-09-23_17-46-43_merged_usd.csv: 2 drones x 10503 rows -> 10503 kept
  experiments/logs/c1_2026-09-23_merged/A3_2026-09-23_17-54-32/A3_2026-09-23_17-54-32_merged_usd.csv: 2 drones x 13131 rows -> 13131 kept
  experiments/logs/c1_2026-09-23_merged/A3_2026-09-23_17-57-32/A3_2026-09-23_17-57-32_merged_usd.csv: 2 drones x 13564 rows -> 13564 kept
  experiments/logs/c1_2026-09-23_merged/A7_2026-09-23_19-11-19/A7_2026-09-23_19-11-19_merged_usd.csv: 2 drones x 6418 rows -> 6418 kept
  experiments/logs/c1_2026-09-23_merged/A7_2026-09-23_19-12-38/A7_2026-09-23_19-12-38_merged_usd.csv: 2 drones x 6398 rows -> 6398 kept
  experiments/logs/c1_2026-09-23_merged/A7_2026-09-23_19-13-55/A7_2026-09-23_19-13-55_merged_usd.csv: 2 drones x 6398 rows -> 6398 kept
  experiments/logs/c1_2026-09-23_merged/A2_2026-09-23_19-21-05/A2_2026-09-23_19-21-05_merged_usd.csv: 2 drones x 14279 rows -> 14279 kept
  experiments/logs/c1_2026-09-23_merged/A2_2026-09-23_19-27-03/A2_2026-09-23_19-27-03_merged_usd.csv: 2 drones x 14290 rows -> 14290 kept
  experiments/logs/c1_2026-09-21_merged/A1_2026-09-21_12-51-16/A1_2026-09-21_12-51-16_merged_usd.csv: 2 drones x 7554 rows -> 7554 kept
  experiments/logs/c1_2026-09-21_merged/A3_2026-09-21_13-00-57/A3_2026-09-21_13-00-57_merged_usd.csv: 2 drones x 17691 rows -> 17691 kept
  experiments/logs/c1_2026-09-21_merged/A3_2026-09-21_13-02-56/A3_2026-09-21_13-02-56_merged_usd.csv: 2 drones x 17897 rows -> 17897 kept
  experiments/logs/c1_2026-09-21_merged/A3_2026-09-21_13-04-34/A3_2026-09-21_13-04-34_merged_usd.csv: 2 drones x 10502 rows -> 10502 kept
  experiments/logs/c1_2026-09-21_merged/A1_2026-09-21_13-25-10/A1_2026-09-21_13-25-10_merged_usd.csv: 2 drones x 8054 rows -> 0 kept
  dropped_zero_a_res: 197597 (row-ticks summed over all ego drones; partner may read 0 a_res)
  no_neighbour_influence: 77961
normalisation (rel)    mu=[ 0.011  -0.0037  0.4053 -0.0137  0.0067 -0.0599] sigma=[0.056  0.0323 0.3085 0.419  0.2962 0.1663]
normalisation (ground) mu=[-0.8351 -0.0045 -0.0083 -0.0225] sigma=[0.2679 0.3667 0.2516 0.1102]
train 145397 / val 36092 (contiguous blocks, not shuffled samples)
  epoch    0  train 0.39875  val RMSE 0.4834 m/s^2  *
  epoch   20  train 0.07585  val RMSE 0.2826 m/s^2  *
  epoch   39  train 0.07194  val RMSE 0.2814 m/s^2
best val RMSE 0.2806 m/s^2  (8.7s)
baseline (predict zero) 1.2900 m/s^2  ->  78.2% reduction
fold check: max |trained - exported| = 1.17e-06 m/s^2
wrote experiments/analysis/out/c2_e2e_2026-09-26/full_bank_40.npz  (19297 weights)
