WARNING: /home/georg/Desktop/flying_robot_course/experiments/logs/c1_2026-09-23_merged/C5_2026-09-23_18-06-27/C5_2026-09-23_18-06-27_merged_usd.csv: 1 drone(s) -- no interaction to learn, skipped.
WARNING: /home/georg/Desktop/flying_robot_course/experiments/logs/c1_2026-09-23_merged/C5_2026-09-23_18-08-14/C5_2026-09-23_18-08-14_merged_usd.csv: 1 drone(s) -- no interaction to learn, skipped.
WARNING: /home/georg/Desktop/flying_robot_course/experiments/logs/c1_2026-09-23_merged/C5_2026-09-23_18-16-49/C5_2026-09-23_18-16-49_merged_usd.csv: 1 drone(s) -- no interaction to learn, skipped.
WARNING: /home/georg/Desktop/flying_robot_course/experiments/logs/c1_2026-09-23_merged/C5_2026-09-23_18-17-45/C5_2026-09-23_18-17-45_merged_usd.csv: 1 drone(s) -- no interaction to learn, skipped.
WARNING: /home/georg/Desktop/flying_robot_course/experiments/logs/c1_2026-09-23_merged/C5_2026-09-23_18-18-41/C5_2026-09-23_18-18-41_merged_usd.csv: 1 drone(s) -- no interaction to learn, skipped.
WARNING: /home/georg/Desktop/flying_robot_course/experiments/logs/c1_2026-09-23_merged/C5_2026-09-23_18-21-19/C5_2026-09-23_18-21-19_merged_usd.csv: 1 drone(s) -- no interaction to learn, skipped.
/home/georg/.local/lib/python3.10/site-packages/torch/cuda/__init__.py:716: UserWarning: Can't initialize NVML
  warnings.warn("Can't initialize NVML")
dataset: 173935 samples from 16 file(s)
  /home/georg/Desktop/flying_robot_course/experiments/logs/c1_2026-09-23_merged/A1_2026-09-23_17-17-26/A1_2026-09-23_17-17-26_merged_usd.csv: 2 drones x 7805 rows -> 7805 kept
  /home/georg/Desktop/flying_robot_course/experiments/logs/c1_2026-09-23_merged/A1_2026-09-23_17-18-48/A1_2026-09-23_17-18-48_merged_usd.csv: 2 drones x 8052 rows -> 8052 kept
  /home/georg/Desktop/flying_robot_course/experiments/logs/c1_2026-09-23_merged/A1_2026-09-23_17-36-06/A1_2026-09-23_17-36-06_merged_usd.csv: 2 drones x 8055 rows -> 8055 kept
  /home/georg/Desktop/flying_robot_course/experiments/logs/c1_2026-09-23_merged/A1_2026-09-23_17-37-26/A1_2026-09-23_17-37-26_merged_usd.csv: 2 drones x 7983 rows -> 7983 kept
  /home/georg/Desktop/flying_robot_course/experiments/logs/c1_2026-09-23_merged/A2_2026-09-23_19-21-05/A2_2026-09-23_19-21-05_merged_usd.csv: 2 drones x 14279 rows -> 14279 kept
  /home/georg/Desktop/flying_robot_course/experiments/logs/c1_2026-09-23_merged/A2_2026-09-23_19-27-03/A2_2026-09-23_19-27-03_merged_usd.csv: 2 drones x 14290 rows -> 14290 kept
  /home/georg/Desktop/flying_robot_course/experiments/logs/c1_2026-09-21_merged/A3_2026-09-21_13-00-57/A3_2026-09-21_13-00-57_merged_usd.csv: 2 drones x 17691 rows -> 17691 kept
  /home/georg/Desktop/flying_robot_course/experiments/logs/c1_2026-09-21_merged/A3_2026-09-21_13-02-56/A3_2026-09-21_13-02-56_merged_usd.csv: 2 drones x 17897 rows -> 17897 kept
  /home/georg/Desktop/flying_robot_course/experiments/logs/c1_2026-09-21_merged/A3_2026-09-21_13-04-34/A3_2026-09-21_13-04-34_merged_usd.csv: 2 drones x 10502 rows -> 10502 kept
  /home/georg/Desktop/flying_robot_course/experiments/logs/c1_2026-09-23_merged/A3_2026-09-23_17-45-03/A3_2026-09-23_17-45-03_merged_usd.csv: 2 drones x 10969 rows -> 10969 kept
  /home/georg/Desktop/flying_robot_course/experiments/logs/c1_2026-09-23_merged/A3_2026-09-23_17-46-43/A3_2026-09-23_17-46-43_merged_usd.csv: 2 drones x 10503 rows -> 10503 kept
  /home/georg/Desktop/flying_robot_course/experiments/logs/c1_2026-09-23_merged/A3_2026-09-23_17-54-32/A3_2026-09-23_17-54-32_merged_usd.csv: 2 drones x 13131 rows -> 13131 kept
  /home/georg/Desktop/flying_robot_course/experiments/logs/c1_2026-09-23_merged/A3_2026-09-23_17-57-32/A3_2026-09-23_17-57-32_merged_usd.csv: 2 drones x 13564 rows -> 13564 kept
  /home/georg/Desktop/flying_robot_course/experiments/logs/c1_2026-09-23_merged/A7_2026-09-23_19-11-19/A7_2026-09-23_19-11-19_merged_usd.csv: 2 drones x 6418 rows -> 6418 kept
  /home/georg/Desktop/flying_robot_course/experiments/logs/c1_2026-09-23_merged/A7_2026-09-23_19-12-38/A7_2026-09-23_19-12-38_merged_usd.csv: 2 drones x 6398 rows -> 6398 kept
  /home/georg/Desktop/flying_robot_course/experiments/logs/c1_2026-09-23_merged/A7_2026-09-23_19-13-55/A7_2026-09-23_19-13-55_merged_usd.csv: 2 drones x 6398 rows -> 6398 kept
  dropped_zero_a_res: 173935 (row-ticks summed over all ego drones; partner may read 0 a_res)
  no_neighbour_influence: 77961
normalisation (rel)    mu=[ 0.0116 -0.0031  0.3865 -0.0156  0.0072 -0.059 ] sigma=[0.0556 0.0326 0.3127 0.4017 0.2978 0.1712]
normalisation (ground) mu=[-0.8352 -0.0046 -0.0089 -0.0205] sigma=[0.2737 0.3534 0.2505 0.1109]
train 139350 / val 34585 (contiguous blocks, not shuffled samples)
  epoch    0  train 0.39315  val RMSE 0.4292 m/s^2  *
  epoch   20  train 0.06833  val RMSE 0.2909 m/s^2
  epoch   39  train 0.06412  val RMSE 0.2882 m/s^2
best val RMSE 0.2875 m/s^2  (9.1s)
baseline (predict zero) 1.2312 m/s^2  ->  76.6% reduction
fold check: max |trained - exported| = 9.99e-07 m/s^2
wrote /home/georg/Desktop/flying_robot_course/experiments/analysis/out/c2_e2e_2026-09-26/loo_weights_18fold/train_without_A1_12-51-16.npz  (19297 weights)
/home/georg/.local/lib/python3.10/site-packages/torch/cuda/__init__.py:716: UserWarning: Can't initialize NVML
  warnings.warn("Can't initialize NVML")
dataset: 173684 samples from 16 file(s)
  /home/georg/Desktop/flying_robot_course/experiments/logs/c1_2026-09-21_merged/A1_2026-09-21_12-51-16/A1_2026-09-21_12-51-16_merged_usd.csv: 2 drones x 7554 rows -> 7554 kept
  /home/georg/Desktop/flying_robot_course/experiments/logs/c1_2026-09-23_merged/A1_2026-09-23_17-18-48/A1_2026-09-23_17-18-48_merged_usd.csv: 2 drones x 8052 rows -> 8052 kept
  /home/georg/Desktop/flying_robot_course/experiments/logs/c1_2026-09-23_merged/A1_2026-09-23_17-36-06/A1_2026-09-23_17-36-06_merged_usd.csv: 2 drones x 8055 rows -> 8055 kept
  /home/georg/Desktop/flying_robot_course/experiments/logs/c1_2026-09-23_merged/A1_2026-09-23_17-37-26/A1_2026-09-23_17-37-26_merged_usd.csv: 2 drones x 7983 rows -> 7983 kept
  /home/georg/Desktop/flying_robot_course/experiments/logs/c1_2026-09-23_merged/A2_2026-09-23_19-21-05/A2_2026-09-23_19-21-05_merged_usd.csv: 2 drones x 14279 rows -> 14279 kept
  /home/georg/Desktop/flying_robot_course/experiments/logs/c1_2026-09-23_merged/A2_2026-09-23_19-27-03/A2_2026-09-23_19-27-03_merged_usd.csv: 2 drones x 14290 rows -> 14290 kept
  /home/georg/Desktop/flying_robot_course/experiments/logs/c1_2026-09-21_merged/A3_2026-09-21_13-00-57/A3_2026-09-21_13-00-57_merged_usd.csv: 2 drones x 17691 rows -> 17691 kept
  /home/georg/Desktop/flying_robot_course/experiments/logs/c1_2026-09-21_merged/A3_2026-09-21_13-02-56/A3_2026-09-21_13-02-56_merged_usd.csv: 2 drones x 17897 rows -> 17897 kept
  /home/georg/Desktop/flying_robot_course/experiments/logs/c1_2026-09-21_merged/A3_2026-09-21_13-04-34/A3_2026-09-21_13-04-34_merged_usd.csv: 2 drones x 10502 rows -> 10502 kept
  /home/georg/Desktop/flying_robot_course/experiments/logs/c1_2026-09-23_merged/A3_2026-09-23_17-45-03/A3_2026-09-23_17-45-03_merged_usd.csv: 2 drones x 10969 rows -> 10969 kept
  /home/georg/Desktop/flying_robot_course/experiments/logs/c1_2026-09-23_merged/A3_2026-09-23_17-46-43/A3_2026-09-23_17-46-43_merged_usd.csv: 2 drones x 10503 rows -> 10503 kept
  /home/georg/Desktop/flying_robot_course/experiments/logs/c1_2026-09-23_merged/A3_2026-09-23_17-54-32/A3_2026-09-23_17-54-32_merged_usd.csv: 2 drones x 13131 rows -> 13131 kept
  /home/georg/Desktop/flying_robot_course/experiments/logs/c1_2026-09-23_merged/A3_2026-09-23_17-57-32/A3_2026-09-23_17-57-32_merged_usd.csv: 2 drones x 13564 rows -> 13564 kept
  /home/georg/Desktop/flying_robot_course/experiments/logs/c1_2026-09-23_merged/A7_2026-09-23_19-11-19/A7_2026-09-23_19-11-19_merged_usd.csv: 2 drones x 6418 rows -> 6418 kept
  /home/georg/Desktop/flying_robot_course/experiments/logs/c1_2026-09-23_merged/A7_2026-09-23_19-12-38/A7_2026-09-23_19-12-38_merged_usd.csv: 2 drones x 6398 rows -> 6398 kept
  /home/georg/Desktop/flying_robot_course/experiments/logs/c1_2026-09-23_merged/A7_2026-09-23_19-13-55/A7_2026-09-23_19-13-55_merged_usd.csv: 2 drones x 6398 rows -> 6398 kept
  dropped_zero_a_res: 173684 (row-ticks summed over all ego drones; partner may read 0 a_res)
  no_neighbour_influence: 77961
normalisation (rel)    mu=[ 0.0095 -0.0037  0.405  -0.0113  0.0061 -0.0586] sigma=[0.0558 0.0295 0.3207 0.4094 0.2701 0.162 ]
normalisation (ground) mu=[-0.8356 -0.0039 -0.0085 -0.0203] sigma=[0.2738 0.3582 0.2329 0.1028]
train 139154 / val 34530 (contiguous blocks, not shuffled samples)
  epoch    0  train 0.39533  val RMSE 0.4441 m/s^2  *
  epoch   20  train 0.07131  val RMSE 0.2918 m/s^2  *
  epoch   39  train 0.06734  val RMSE 0.2918 m/s^2
best val RMSE 0.2906 m/s^2  (8.6s)
baseline (predict zero) 1.2401 m/s^2  ->  76.6% reduction
fold check: max |trained - exported| = 1.10e-06 m/s^2
wrote /home/georg/Desktop/flying_robot_course/experiments/analysis/out/c2_e2e_2026-09-26/loo_weights_18fold/train_without_A1_17-17-26.npz  (19297 weights)
/home/georg/.local/lib/python3.10/site-packages/torch/cuda/__init__.py:716: UserWarning: Can't initialize NVML
  warnings.warn("Can't initialize NVML")
dataset: 173437 samples from 16 file(s)
  /home/georg/Desktop/flying_robot_course/experiments/logs/c1_2026-09-21_merged/A1_2026-09-21_12-51-16/A1_2026-09-21_12-51-16_merged_usd.csv: 2 drones x 7554 rows -> 7554 kept
  /home/georg/Desktop/flying_robot_course/experiments/logs/c1_2026-09-23_merged/A1_2026-09-23_17-17-26/A1_2026-09-23_17-17-26_merged_usd.csv: 2 drones x 7805 rows -> 7805 kept
  /home/georg/Desktop/flying_robot_course/experiments/logs/c1_2026-09-23_merged/A1_2026-09-23_17-36-06/A1_2026-09-23_17-36-06_merged_usd.csv: 2 drones x 8055 rows -> 8055 kept
  /home/georg/Desktop/flying_robot_course/experiments/logs/c1_2026-09-23_merged/A1_2026-09-23_17-37-26/A1_2026-09-23_17-37-26_merged_usd.csv: 2 drones x 7983 rows -> 7983 kept
  /home/georg/Desktop/flying_robot_course/experiments/logs/c1_2026-09-23_merged/A2_2026-09-23_19-21-05/A2_2026-09-23_19-21-05_merged_usd.csv: 2 drones x 14279 rows -> 14279 kept
  /home/georg/Desktop/flying_robot_course/experiments/logs/c1_2026-09-23_merged/A2_2026-09-23_19-27-03/A2_2026-09-23_19-27-03_merged_usd.csv: 2 drones x 14290 rows -> 14290 kept
  /home/georg/Desktop/flying_robot_course/experiments/logs/c1_2026-09-21_merged/A3_2026-09-21_13-00-57/A3_2026-09-21_13-00-57_merged_usd.csv: 2 drones x 17691 rows -> 17691 kept
  /home/georg/Desktop/flying_robot_course/experiments/logs/c1_2026-09-21_merged/A3_2026-09-21_13-02-56/A3_2026-09-21_13-02-56_merged_usd.csv: 2 drones x 17897 rows -> 17897 kept
  /home/georg/Desktop/flying_robot_course/experiments/logs/c1_2026-09-21_merged/A3_2026-09-21_13-04-34/A3_2026-09-21_13-04-34_merged_usd.csv: 2 drones x 10502 rows -> 10502 kept
  /home/georg/Desktop/flying_robot_course/experiments/logs/c1_2026-09-23_merged/A3_2026-09-23_17-45-03/A3_2026-09-23_17-45-03_merged_usd.csv: 2 drones x 10969 rows -> 10969 kept
  /home/georg/Desktop/flying_robot_course/experiments/logs/c1_2026-09-23_merged/A3_2026-09-23_17-46-43/A3_2026-09-23_17-46-43_merged_usd.csv: 2 drones x 10503 rows -> 10503 kept
  /home/georg/Desktop/flying_robot_course/experiments/logs/c1_2026-09-23_merged/A3_2026-09-23_17-54-32/A3_2026-09-23_17-54-32_merged_usd.csv: 2 drones x 13131 rows -> 13131 kept
  /home/georg/Desktop/flying_robot_course/experiments/logs/c1_2026-09-23_merged/A3_2026-09-23_17-57-32/A3_2026-09-23_17-57-32_merged_usd.csv: 2 drones x 13564 rows -> 13564 kept
  /home/georg/Desktop/flying_robot_course/experiments/logs/c1_2026-09-23_merged/A7_2026-09-23_19-11-19/A7_2026-09-23_19-11-19_merged_usd.csv: 2 drones x 6418 rows -> 6418 kept
  /home/georg/Desktop/flying_robot_course/experiments/logs/c1_2026-09-23_merged/A7_2026-09-23_19-12-38/A7_2026-09-23_19-12-38_merged_usd.csv: 2 drones x 6398 rows -> 6398 kept
  /home/georg/Desktop/flying_robot_course/experiments/logs/c1_2026-09-23_merged/A7_2026-09-23_19-13-55/A7_2026-09-23_19-13-55_merged_usd.csv: 2 drones x 6398 rows -> 6398 kept
  dropped_zero_a_res: 173437 (row-ticks summed over all ego drones; partner may read 0 a_res)
  no_neighbour_influence: 77961
normalisation (rel)    mu=[ 0.0101 -0.0031  0.4032 -0.0136  0.0061 -0.0581] sigma=[0.0564 0.0302 0.3211 0.4104 0.2712 0.1655]
normalisation (ground) mu=[-0.8368 -0.0049 -0.0082 -0.02  ] sigma=[0.2739 0.3586 0.2331 0.1056]
train 138845 / val 34592 (contiguous blocks, not shuffled samples)
  epoch    0  train 0.39478  val RMSE 0.4740 m/s^2  *
  epoch   20  train 0.07328  val RMSE 0.2969 m/s^2
  epoch   39  train 0.06943  val RMSE 0.2948 m/s^2
best val RMSE 0.2928 m/s^2  (8.5s)
baseline (predict zero) 1.2511 m/s^2  ->  76.6% reduction
fold check: max |trained - exported| = 1.02e-06 m/s^2
wrote /home/georg/Desktop/flying_robot_course/experiments/analysis/out/c2_e2e_2026-09-26/loo_weights_18fold/train_without_A1_17-18-48.npz  (19297 weights)
/home/georg/.local/lib/python3.10/site-packages/torch/cuda/__init__.py:716: UserWarning: Can't initialize NVML
  warnings.warn("Can't initialize NVML")
dataset: 173434 samples from 16 file(s)
  /home/georg/Desktop/flying_robot_course/experiments/logs/c1_2026-09-21_merged/A1_2026-09-21_12-51-16/A1_2026-09-21_12-51-16_merged_usd.csv: 2 drones x 7554 rows -> 7554 kept
  /home/georg/Desktop/flying_robot_course/experiments/logs/c1_2026-09-23_merged/A1_2026-09-23_17-17-26/A1_2026-09-23_17-17-26_merged_usd.csv: 2 drones x 7805 rows -> 7805 kept
  /home/georg/Desktop/flying_robot_course/experiments/logs/c1_2026-09-23_merged/A1_2026-09-23_17-18-48/A1_2026-09-23_17-18-48_merged_usd.csv: 2 drones x 8052 rows -> 8052 kept
  /home/georg/Desktop/flying_robot_course/experiments/logs/c1_2026-09-23_merged/A1_2026-09-23_17-37-26/A1_2026-09-23_17-37-26_merged_usd.csv: 2 drones x 7983 rows -> 7983 kept
  /home/georg/Desktop/flying_robot_course/experiments/logs/c1_2026-09-23_merged/A2_2026-09-23_19-21-05/A2_2026-09-23_19-21-05_merged_usd.csv: 2 drones x 14279 rows -> 14279 kept
  /home/georg/Desktop/flying_robot_course/experiments/logs/c1_2026-09-23_merged/A2_2026-09-23_19-27-03/A2_2026-09-23_19-27-03_merged_usd.csv: 2 drones x 14290 rows -> 14290 kept
  /home/georg/Desktop/flying_robot_course/experiments/logs/c1_2026-09-21_merged/A3_2026-09-21_13-00-57/A3_2026-09-21_13-00-57_merged_usd.csv: 2 drones x 17691 rows -> 17691 kept
  /home/georg/Desktop/flying_robot_course/experiments/logs/c1_2026-09-21_merged/A3_2026-09-21_13-02-56/A3_2026-09-21_13-02-56_merged_usd.csv: 2 drones x 17897 rows -> 17897 kept
  /home/georg/Desktop/flying_robot_course/experiments/logs/c1_2026-09-21_merged/A3_2026-09-21_13-04-34/A3_2026-09-21_13-04-34_merged_usd.csv: 2 drones x 10502 rows -> 10502 kept
  /home/georg/Desktop/flying_robot_course/experiments/logs/c1_2026-09-23_merged/A3_2026-09-23_17-45-03/A3_2026-09-23_17-45-03_merged_usd.csv: 2 drones x 10969 rows -> 10969 kept
  /home/georg/Desktop/flying_robot_course/experiments/logs/c1_2026-09-23_merged/A3_2026-09-23_17-46-43/A3_2026-09-23_17-46-43_merged_usd.csv: 2 drones x 10503 rows -> 10503 kept
  /home/georg/Desktop/flying_robot_course/experiments/logs/c1_2026-09-23_merged/A3_2026-09-23_17-54-32/A3_2026-09-23_17-54-32_merged_usd.csv: 2 drones x 13131 rows -> 13131 kept
  /home/georg/Desktop/flying_robot_course/experiments/logs/c1_2026-09-23_merged/A3_2026-09-23_17-57-32/A3_2026-09-23_17-57-32_merged_usd.csv: 2 drones x 13564 rows -> 13564 kept
  /home/georg/Desktop/flying_robot_course/experiments/logs/c1_2026-09-23_merged/A7_2026-09-23_19-11-19/A7_2026-09-23_19-11-19_merged_usd.csv: 2 drones x 6418 rows -> 6418 kept
  /home/georg/Desktop/flying_robot_course/experiments/logs/c1_2026-09-23_merged/A7_2026-09-23_19-12-38/A7_2026-09-23_19-12-38_merged_usd.csv: 2 drones x 6398 rows -> 6398 kept
  /home/georg/Desktop/flying_robot_course/experiments/logs/c1_2026-09-23_merged/A7_2026-09-23_19-13-55/A7_2026-09-23_19-13-55_merged_usd.csv: 2 drones x 6398 rows -> 6398 kept
  dropped_zero_a_res: 173434 (row-ticks summed over all ego drones; partner may read 0 a_res)
  no_neighbour_influence: 77961
normalisation (rel)    mu=[ 0.0098 -0.003   0.3898 -0.0119  0.0059 -0.0602] sigma=[0.0567 0.0323 0.3163 0.4145 0.2965 0.1686]
normalisation (ground) mu=[-0.8352 -0.0043 -0.0086 -0.0211] sigma=[0.274  0.3611 0.2495 0.1086]
train 138849 / val 34585 (contiguous blocks, not shuffled samples)
  epoch    0  train 0.39039  val RMSE 0.4696 m/s^2  *
  epoch   20  train 0.07044  val RMSE 0.2928 m/s^2
  epoch   39  train 0.06584  val RMSE 0.2867 m/s^2
best val RMSE 0.2850 m/s^2  (9.0s)
baseline (predict zero) 1.2058 m/s^2  ->  76.4% reduction
fold check: max |trained - exported| = 1.31e-06 m/s^2
wrote /home/georg/Desktop/flying_robot_course/experiments/analysis/out/c2_e2e_2026-09-26/loo_weights_18fold/train_without_A1_17-36-06.npz  (19297 weights)
/home/georg/.local/lib/python3.10/site-packages/torch/cuda/__init__.py:716: UserWarning: Can't initialize NVML
  warnings.warn("Can't initialize NVML")
dataset: 173506 samples from 16 file(s)
  /home/georg/Desktop/flying_robot_course/experiments/logs/c1_2026-09-21_merged/A1_2026-09-21_12-51-16/A1_2026-09-21_12-51-16_merged_usd.csv: 2 drones x 7554 rows -> 7554 kept
  /home/georg/Desktop/flying_robot_course/experiments/logs/c1_2026-09-23_merged/A1_2026-09-23_17-17-26/A1_2026-09-23_17-17-26_merged_usd.csv: 2 drones x 7805 rows -> 7805 kept
  /home/georg/Desktop/flying_robot_course/experiments/logs/c1_2026-09-23_merged/A1_2026-09-23_17-18-48/A1_2026-09-23_17-18-48_merged_usd.csv: 2 drones x 8052 rows -> 8052 kept
  /home/georg/Desktop/flying_robot_course/experiments/logs/c1_2026-09-23_merged/A1_2026-09-23_17-36-06/A1_2026-09-23_17-36-06_merged_usd.csv: 2 drones x 8055 rows -> 8055 kept
  /home/georg/Desktop/flying_robot_course/experiments/logs/c1_2026-09-23_merged/A2_2026-09-23_19-21-05/A2_2026-09-23_19-21-05_merged_usd.csv: 2 drones x 14279 rows -> 14279 kept
  /home/georg/Desktop/flying_robot_course/experiments/logs/c1_2026-09-23_merged/A2_2026-09-23_19-27-03/A2_2026-09-23_19-27-03_merged_usd.csv: 2 drones x 14290 rows -> 14290 kept
  /home/georg/Desktop/flying_robot_course/experiments/logs/c1_2026-09-21_merged/A3_2026-09-21_13-00-57/A3_2026-09-21_13-00-57_merged_usd.csv: 2 drones x 17691 rows -> 17691 kept
  /home/georg/Desktop/flying_robot_course/experiments/logs/c1_2026-09-21_merged/A3_2026-09-21_13-02-56/A3_2026-09-21_13-02-56_merged_usd.csv: 2 drones x 17897 rows -> 17897 kept
  /home/georg/Desktop/flying_robot_course/experiments/logs/c1_2026-09-21_merged/A3_2026-09-21_13-04-34/A3_2026-09-21_13-04-34_merged_usd.csv: 2 drones x 10502 rows -> 10502 kept
  /home/georg/Desktop/flying_robot_course/experiments/logs/c1_2026-09-23_merged/A3_2026-09-23_17-45-03/A3_2026-09-23_17-45-03_merged_usd.csv: 2 drones x 10969 rows -> 10969 kept
  /home/georg/Desktop/flying_robot_course/experiments/logs/c1_2026-09-23_merged/A3_2026-09-23_17-46-43/A3_2026-09-23_17-46-43_merged_usd.csv: 2 drones x 10503 rows -> 10503 kept
  /home/georg/Desktop/flying_robot_course/experiments/logs/c1_2026-09-23_merged/A3_2026-09-23_17-54-32/A3_2026-09-23_17-54-32_merged_usd.csv: 2 drones x 13131 rows -> 13131 kept
  /home/georg/Desktop/flying_robot_course/experiments/logs/c1_2026-09-23_merged/A3_2026-09-23_17-57-32/A3_2026-09-23_17-57-32_merged_usd.csv: 2 drones x 13564 rows -> 13564 kept
  /home/georg/Desktop/flying_robot_course/experiments/logs/c1_2026-09-23_merged/A7_2026-09-23_19-11-19/A7_2026-09-23_19-11-19_merged_usd.csv: 2 drones x 6418 rows -> 6418 kept
  /home/georg/Desktop/flying_robot_course/experiments/logs/c1_2026-09-23_merged/A7_2026-09-23_19-12-38/A7_2026-09-23_19-12-38_merged_usd.csv: 2 drones x 6398 rows -> 6398 kept
  /home/georg/Desktop/flying_robot_course/experiments/logs/c1_2026-09-23_merged/A7_2026-09-23_19-13-55/A7_2026-09-23_19-13-55_merged_usd.csv: 2 drones x 6398 rows -> 6398 kept
  dropped_zero_a_res: 173506 (row-ticks summed over all ego drones; partner may read 0 a_res)
  no_neighbour_influence: 77961
normalisation (rel)    mu=[ 0.0098 -0.0022  0.3904 -0.0121  0.0051 -0.0601] sigma=[0.0567 0.0321 0.3166 0.414  0.296  0.1681]
normalisation (ground) mu=[-0.835  -0.0043 -0.0085 -0.0212] sigma=[0.274  0.361  0.2493 0.1083]
train 139005 / val 34501 (contiguous blocks, not shuffled samples)
  epoch    0  train 0.39344  val RMSE 0.4365 m/s^2  *
  epoch   20  train 0.06947  val RMSE 0.2855 m/s^2
  epoch   39  train 0.06518  val RMSE 0.2807 m/s^2
best val RMSE 0.2801 m/s^2  (8.3s)
baseline (predict zero) 1.2137 m/s^2  ->  76.9% reduction
fold check: max |trained - exported| = 7.40e-07 m/s^2
wrote /home/georg/Desktop/flying_robot_course/experiments/analysis/out/c2_e2e_2026-09-26/loo_weights_18fold/train_without_A1_17-37-26.npz  (19297 weights)
/home/georg/.local/lib/python3.10/site-packages/torch/cuda/__init__.py:716: UserWarning: Can't initialize NVML
  warnings.warn("Can't initialize NVML")
dataset: 167210 samples from 16 file(s)
  /home/georg/Desktop/flying_robot_course/experiments/logs/c1_2026-09-21_merged/A1_2026-09-21_12-51-16/A1_2026-09-21_12-51-16_merged_usd.csv: 2 drones x 7554 rows -> 7554 kept
  /home/georg/Desktop/flying_robot_course/experiments/logs/c1_2026-09-23_merged/A1_2026-09-23_17-17-26/A1_2026-09-23_17-17-26_merged_usd.csv: 2 drones x 7805 rows -> 7805 kept
  /home/georg/Desktop/flying_robot_course/experiments/logs/c1_2026-09-23_merged/A1_2026-09-23_17-18-48/A1_2026-09-23_17-18-48_merged_usd.csv: 2 drones x 8052 rows -> 8052 kept
  /home/georg/Desktop/flying_robot_course/experiments/logs/c1_2026-09-23_merged/A1_2026-09-23_17-36-06/A1_2026-09-23_17-36-06_merged_usd.csv: 2 drones x 8055 rows -> 8055 kept
  /home/georg/Desktop/flying_robot_course/experiments/logs/c1_2026-09-23_merged/A1_2026-09-23_17-37-26/A1_2026-09-23_17-37-26_merged_usd.csv: 2 drones x 7983 rows -> 7983 kept
  /home/georg/Desktop/flying_robot_course/experiments/logs/c1_2026-09-23_merged/A2_2026-09-23_19-27-03/A2_2026-09-23_19-27-03_merged_usd.csv: 2 drones x 14290 rows -> 14290 kept
  /home/georg/Desktop/flying_robot_course/experiments/logs/c1_2026-09-21_merged/A3_2026-09-21_13-00-57/A3_2026-09-21_13-00-57_merged_usd.csv: 2 drones x 17691 rows -> 17691 kept
  /home/georg/Desktop/flying_robot_course/experiments/logs/c1_2026-09-21_merged/A3_2026-09-21_13-02-56/A3_2026-09-21_13-02-56_merged_usd.csv: 2 drones x 17897 rows -> 17897 kept
  /home/georg/Desktop/flying_robot_course/experiments/logs/c1_2026-09-21_merged/A3_2026-09-21_13-04-34/A3_2026-09-21_13-04-34_merged_usd.csv: 2 drones x 10502 rows -> 10502 kept
  /home/georg/Desktop/flying_robot_course/experiments/logs/c1_2026-09-23_merged/A3_2026-09-23_17-45-03/A3_2026-09-23_17-45-03_merged_usd.csv: 2 drones x 10969 rows -> 10969 kept
  /home/georg/Desktop/flying_robot_course/experiments/logs/c1_2026-09-23_merged/A3_2026-09-23_17-46-43/A3_2026-09-23_17-46-43_merged_usd.csv: 2 drones x 10503 rows -> 10503 kept
  /home/georg/Desktop/flying_robot_course/experiments/logs/c1_2026-09-23_merged/A3_2026-09-23_17-54-32/A3_2026-09-23_17-54-32_merged_usd.csv: 2 drones x 13131 rows -> 13131 kept
  /home/georg/Desktop/flying_robot_course/experiments/logs/c1_2026-09-23_merged/A3_2026-09-23_17-57-32/A3_2026-09-23_17-57-32_merged_usd.csv: 2 drones x 13564 rows -> 13564 kept
  /home/georg/Desktop/flying_robot_course/experiments/logs/c1_2026-09-23_merged/A7_2026-09-23_19-11-19/A7_2026-09-23_19-11-19_merged_usd.csv: 2 drones x 6418 rows -> 6418 kept
  /home/georg/Desktop/flying_robot_course/experiments/logs/c1_2026-09-23_merged/A7_2026-09-23_19-12-38/A7_2026-09-23_19-12-38_merged_usd.csv: 2 drones x 6398 rows -> 6398 kept
  /home/georg/Desktop/flying_robot_course/experiments/logs/c1_2026-09-23_merged/A7_2026-09-23_19-13-55/A7_2026-09-23_19-13-55_merged_usd.csv: 2 drones x 6398 rows -> 6398 kept
  dropped_zero_a_res: 167210 (row-ticks summed over all ego drones; partner may read 0 a_res)
  no_neighbour_influence: 77961
normalisation (rel)    mu=[ 0.0125 -0.0044  0.454  -0.0158  0.0052 -0.0524] sigma=[0.0592 0.0345 0.2978 0.4387 0.3132 0.162 ]
normalisation (ground) mu=[-0.8261 -0.0051 -0.009  -0.0227] sigma=[0.2767 0.3659 0.248  0.1121]
train 133667 / val 33543 (contiguous blocks, not shuffled samples)
  epoch    0  train 0.41783  val RMSE 0.5212 m/s^2  *
  epoch   20  train 0.07585  val RMSE 0.2959 m/s^2
  epoch   39  train 0.07257  val RMSE 0.2983 m/s^2
best val RMSE 0.2915 m/s^2  (8.4s)
baseline (predict zero) 1.3185 m/s^2  ->  77.9% reduction
fold check: max |trained - exported| = 9.87e-07 m/s^2
wrote /home/georg/Desktop/flying_robot_course/experiments/analysis/out/c2_e2e_2026-09-26/loo_weights_18fold/train_without_A2_19-21-05.npz  (19297 weights)
/home/georg/.local/lib/python3.10/site-packages/torch/cuda/__init__.py:716: UserWarning: Can't initialize NVML
  warnings.warn("Can't initialize NVML")
dataset: 167199 samples from 16 file(s)
  /home/georg/Desktop/flying_robot_course/experiments/logs/c1_2026-09-21_merged/A1_2026-09-21_12-51-16/A1_2026-09-21_12-51-16_merged_usd.csv: 2 drones x 7554 rows -> 7554 kept
  /home/georg/Desktop/flying_robot_course/experiments/logs/c1_2026-09-23_merged/A1_2026-09-23_17-17-26/A1_2026-09-23_17-17-26_merged_usd.csv: 2 drones x 7805 rows -> 7805 kept
  /home/georg/Desktop/flying_robot_course/experiments/logs/c1_2026-09-23_merged/A1_2026-09-23_17-18-48/A1_2026-09-23_17-18-48_merged_usd.csv: 2 drones x 8052 rows -> 8052 kept
  /home/georg/Desktop/flying_robot_course/experiments/logs/c1_2026-09-23_merged/A1_2026-09-23_17-36-06/A1_2026-09-23_17-36-06_merged_usd.csv: 2 drones x 8055 rows -> 8055 kept
  /home/georg/Desktop/flying_robot_course/experiments/logs/c1_2026-09-23_merged/A1_2026-09-23_17-37-26/A1_2026-09-23_17-37-26_merged_usd.csv: 2 drones x 7983 rows -> 7983 kept
  /home/georg/Desktop/flying_robot_course/experiments/logs/c1_2026-09-23_merged/A2_2026-09-23_19-21-05/A2_2026-09-23_19-21-05_merged_usd.csv: 2 drones x 14279 rows -> 14279 kept
  /home/georg/Desktop/flying_robot_course/experiments/logs/c1_2026-09-21_merged/A3_2026-09-21_13-00-57/A3_2026-09-21_13-00-57_merged_usd.csv: 2 drones x 17691 rows -> 17691 kept
  /home/georg/Desktop/flying_robot_course/experiments/logs/c1_2026-09-21_merged/A3_2026-09-21_13-02-56/A3_2026-09-21_13-02-56_merged_usd.csv: 2 drones x 17897 rows -> 17897 kept
  /home/georg/Desktop/flying_robot_course/experiments/logs/c1_2026-09-21_merged/A3_2026-09-21_13-04-34/A3_2026-09-21_13-04-34_merged_usd.csv: 2 drones x 10502 rows -> 10502 kept
  /home/georg/Desktop/flying_robot_course/experiments/logs/c1_2026-09-23_merged/A3_2026-09-23_17-45-03/A3_2026-09-23_17-45-03_merged_usd.csv: 2 drones x 10969 rows -> 10969 kept
  /home/georg/Desktop/flying_robot_course/experiments/logs/c1_2026-09-23_merged/A3_2026-09-23_17-46-43/A3_2026-09-23_17-46-43_merged_usd.csv: 2 drones x 10503 rows -> 10503 kept
  /home/georg/Desktop/flying_robot_course/experiments/logs/c1_2026-09-23_merged/A3_2026-09-23_17-54-32/A3_2026-09-23_17-54-32_merged_usd.csv: 2 drones x 13131 rows -> 13131 kept
  /home/georg/Desktop/flying_robot_course/experiments/logs/c1_2026-09-23_merged/A3_2026-09-23_17-57-32/A3_2026-09-23_17-57-32_merged_usd.csv: 2 drones x 13564 rows -> 13564 kept
  /home/georg/Desktop/flying_robot_course/experiments/logs/c1_2026-09-23_merged/A7_2026-09-23_19-11-19/A7_2026-09-23_19-11-19_merged_usd.csv: 2 drones x 6418 rows -> 6418 kept
  /home/georg/Desktop/flying_robot_course/experiments/logs/c1_2026-09-23_merged/A7_2026-09-23_19-12-38/A7_2026-09-23_19-12-38_merged_usd.csv: 2 drones x 6398 rows -> 6398 kept
  /home/georg/Desktop/flying_robot_course/experiments/logs/c1_2026-09-23_merged/A7_2026-09-23_19-13-55/A7_2026-09-23_19-13-55_merged_usd.csv: 2 drones x 6398 rows -> 6398 kept
  dropped_zero_a_res: 167199 (row-ticks summed over all ego drones; partner may read 0 a_res)
  no_neighbour_influence: 77961
normalisation (rel)    mu=[ 0.0133 -0.0058  0.4549 -0.0168  0.0082 -0.0605] sigma=[0.0592 0.0338 0.2971 0.4413 0.3121 0.1671]
normalisation (ground) mu=[-0.8261 -0.0052 -0.0091 -0.0226] sigma=[0.2767 0.3679 0.2454 0.1125]
train 133660 / val 33539 (contiguous blocks, not shuffled samples)
  epoch    0  train 0.41478  val RMSE 0.5294 m/s^2  *
  epoch   20  train 0.07677  val RMSE 0.2823 m/s^2
  epoch   39  train 0.07258  val RMSE 0.2825 m/s^2
best val RMSE 0.2799 m/s^2  (8.5s)
baseline (predict zero) 1.3256 m/s^2  ->  78.9% reduction
fold check: max |trained - exported| = 7.56e-07 m/s^2
wrote /home/georg/Desktop/flying_robot_course/experiments/analysis/out/c2_e2e_2026-09-26/loo_weights_18fold/train_without_A2_19-27-03.npz  (19297 weights)
/home/georg/.local/lib/python3.10/site-packages/torch/cuda/__init__.py:716: UserWarning: Can't initialize NVML
  warnings.warn("Can't initialize NVML")
dataset: 163798 samples from 16 file(s)
  /home/georg/Desktop/flying_robot_course/experiments/logs/c1_2026-09-21_merged/A1_2026-09-21_12-51-16/A1_2026-09-21_12-51-16_merged_usd.csv: 2 drones x 7554 rows -> 7554 kept
  /home/georg/Desktop/flying_robot_course/experiments/logs/c1_2026-09-23_merged/A1_2026-09-23_17-17-26/A1_2026-09-23_17-17-26_merged_usd.csv: 2 drones x 7805 rows -> 7805 kept
  /home/georg/Desktop/flying_robot_course/experiments/logs/c1_2026-09-23_merged/A1_2026-09-23_17-18-48/A1_2026-09-23_17-18-48_merged_usd.csv: 2 drones x 8052 rows -> 8052 kept
  /home/georg/Desktop/flying_robot_course/experiments/logs/c1_2026-09-23_merged/A1_2026-09-23_17-36-06/A1_2026-09-23_17-36-06_merged_usd.csv: 2 drones x 8055 rows -> 8055 kept
  /home/georg/Desktop/flying_robot_course/experiments/logs/c1_2026-09-23_merged/A1_2026-09-23_17-37-26/A1_2026-09-23_17-37-26_merged_usd.csv: 2 drones x 7983 rows -> 7983 kept
  /home/georg/Desktop/flying_robot_course/experiments/logs/c1_2026-09-23_merged/A2_2026-09-23_19-21-05/A2_2026-09-23_19-21-05_merged_usd.csv: 2 drones x 14279 rows -> 14279 kept
  /home/georg/Desktop/flying_robot_course/experiments/logs/c1_2026-09-23_merged/A2_2026-09-23_19-27-03/A2_2026-09-23_19-27-03_merged_usd.csv: 2 drones x 14290 rows -> 14290 kept
  /home/georg/Desktop/flying_robot_course/experiments/logs/c1_2026-09-21_merged/A3_2026-09-21_13-02-56/A3_2026-09-21_13-02-56_merged_usd.csv: 2 drones x 17897 rows -> 17897 kept
  /home/georg/Desktop/flying_robot_course/experiments/logs/c1_2026-09-21_merged/A3_2026-09-21_13-04-34/A3_2026-09-21_13-04-34_merged_usd.csv: 2 drones x 10502 rows -> 10502 kept
  /home/georg/Desktop/flying_robot_course/experiments/logs/c1_2026-09-23_merged/A3_2026-09-23_17-45-03/A3_2026-09-23_17-45-03_merged_usd.csv: 2 drones x 10969 rows -> 10969 kept
  /home/georg/Desktop/flying_robot_course/experiments/logs/c1_2026-09-23_merged/A3_2026-09-23_17-46-43/A3_2026-09-23_17-46-43_merged_usd.csv: 2 drones x 10503 rows -> 10503 kept
  /home/georg/Desktop/flying_robot_course/experiments/logs/c1_2026-09-23_merged/A3_2026-09-23_17-54-32/A3_2026-09-23_17-54-32_merged_usd.csv: 2 drones x 13131 rows -> 13131 kept
  /home/georg/Desktop/flying_robot_course/experiments/logs/c1_2026-09-23_merged/A3_2026-09-23_17-57-32/A3_2026-09-23_17-57-32_merged_usd.csv: 2 drones x 13564 rows -> 13564 kept
  /home/georg/Desktop/flying_robot_course/experiments/logs/c1_2026-09-23_merged/A7_2026-09-23_19-11-19/A7_2026-09-23_19-11-19_merged_usd.csv: 2 drones x 6418 rows -> 6418 kept
  /home/georg/Desktop/flying_robot_course/experiments/logs/c1_2026-09-23_merged/A7_2026-09-23_19-12-38/A7_2026-09-23_19-12-38_merged_usd.csv: 2 drones x 6398 rows -> 6398 kept
  /home/georg/Desktop/flying_robot_course/experiments/logs/c1_2026-09-23_merged/A7_2026-09-23_19-13-55/A7_2026-09-23_19-13-55_merged_usd.csv: 2 drones x 6398 rows -> 6398 kept
  dropped_zero_a_res: 163798 (row-ticks summed over all ego drones; partner may read 0 a_res)
  no_neighbour_influence: 63002
normalisation (rel)    mu=[ 0.0115 -0.0038  0.4103 -0.0137  0.007  -0.0634] sigma=[0.054  0.0327 0.3108 0.4167 0.299  0.164 ]
normalisation (ground) mu=[-0.8219 -0.003  -0.0107 -0.0241] sigma=[0.2784 0.3775 0.2634 0.1107]
train 131237 / val 32561 (contiguous blocks, not shuffled samples)
  epoch    0  train 0.45618  val RMSE 0.4918 m/s^2  *
  epoch   20  train 0.08041  val RMSE 0.3041 m/s^2
  epoch   39  train 0.07592  val RMSE 0.2994 m/s^2
best val RMSE 0.2980 m/s^2  (7.8s)
baseline (predict zero) 1.2420 m/s^2  ->  76.0% reduction
fold check: max |trained - exported| = 1.13e-06 m/s^2
wrote /home/georg/Desktop/flying_robot_course/experiments/analysis/out/c2_e2e_2026-09-26/loo_weights_18fold/train_without_A3_13-00-57.npz  (19297 weights)
/home/georg/.local/lib/python3.10/site-packages/torch/cuda/__init__.py:716: UserWarning: Can't initialize NVML
  warnings.warn("Can't initialize NVML")
dataset: 163592 samples from 16 file(s)
  /home/georg/Desktop/flying_robot_course/experiments/logs/c1_2026-09-21_merged/A1_2026-09-21_12-51-16/A1_2026-09-21_12-51-16_merged_usd.csv: 2 drones x 7554 rows -> 7554 kept
  /home/georg/Desktop/flying_robot_course/experiments/logs/c1_2026-09-23_merged/A1_2026-09-23_17-17-26/A1_2026-09-23_17-17-26_merged_usd.csv: 2 drones x 7805 rows -> 7805 kept
  /home/georg/Desktop/flying_robot_course/experiments/logs/c1_2026-09-23_merged/A1_2026-09-23_17-18-48/A1_2026-09-23_17-18-48_merged_usd.csv: 2 drones x 8052 rows -> 8052 kept
  /home/georg/Desktop/flying_robot_course/experiments/logs/c1_2026-09-23_merged/A1_2026-09-23_17-36-06/A1_2026-09-23_17-36-06_merged_usd.csv: 2 drones x 8055 rows -> 8055 kept
  /home/georg/Desktop/flying_robot_course/experiments/logs/c1_2026-09-23_merged/A1_2026-09-23_17-37-26/A1_2026-09-23_17-37-26_merged_usd.csv: 2 drones x 7983 rows -> 7983 kept
  /home/georg/Desktop/flying_robot_course/experiments/logs/c1_2026-09-23_merged/A2_2026-09-23_19-21-05/A2_2026-09-23_19-21-05_merged_usd.csv: 2 drones x 14279 rows -> 14279 kept
  /home/georg/Desktop/flying_robot_course/experiments/logs/c1_2026-09-23_merged/A2_2026-09-23_19-27-03/A2_2026-09-23_19-27-03_merged_usd.csv: 2 drones x 14290 rows -> 14290 kept
  /home/georg/Desktop/flying_robot_course/experiments/logs/c1_2026-09-21_merged/A3_2026-09-21_13-00-57/A3_2026-09-21_13-00-57_merged_usd.csv: 2 drones x 17691 rows -> 17691 kept
  /home/georg/Desktop/flying_robot_course/experiments/logs/c1_2026-09-21_merged/A3_2026-09-21_13-04-34/A3_2026-09-21_13-04-34_merged_usd.csv: 2 drones x 10502 rows -> 10502 kept
  /home/georg/Desktop/flying_robot_course/experiments/logs/c1_2026-09-23_merged/A3_2026-09-23_17-45-03/A3_2026-09-23_17-45-03_merged_usd.csv: 2 drones x 10969 rows -> 10969 kept
  /home/georg/Desktop/flying_robot_course/experiments/logs/c1_2026-09-23_merged/A3_2026-09-23_17-46-43/A3_2026-09-23_17-46-43_merged_usd.csv: 2 drones x 10503 rows -> 10503 kept
  /home/georg/Desktop/flying_robot_course/experiments/logs/c1_2026-09-23_merged/A3_2026-09-23_17-54-32/A3_2026-09-23_17-54-32_merged_usd.csv: 2 drones x 13131 rows -> 13131 kept
  /home/georg/Desktop/flying_robot_course/experiments/logs/c1_2026-09-23_merged/A3_2026-09-23_17-57-32/A3_2026-09-23_17-57-32_merged_usd.csv: 2 drones x 13564 rows -> 13564 kept
  /home/georg/Desktop/flying_robot_course/experiments/logs/c1_2026-09-23_merged/A7_2026-09-23_19-11-19/A7_2026-09-23_19-11-19_merged_usd.csv: 2 drones x 6418 rows -> 6418 kept
  /home/georg/Desktop/flying_robot_course/experiments/logs/c1_2026-09-23_merged/A7_2026-09-23_19-12-38/A7_2026-09-23_19-12-38_merged_usd.csv: 2 drones x 6398 rows -> 6398 kept
  /home/georg/Desktop/flying_robot_course/experiments/logs/c1_2026-09-23_merged/A7_2026-09-23_19-13-55/A7_2026-09-23_19-13-55_merged_usd.csv: 2 drones x 6398 rows -> 6398 kept
  dropped_zero_a_res: 163592 (row-ticks summed over all ego drones; partner may read 0 a_res)
  no_neighbour_influence: 62756
normalisation (rel)    mu=[ 0.0115 -0.0038  0.4101 -0.0139  0.0071 -0.0634] sigma=[0.0541 0.0326 0.3109 0.4162 0.2985 0.1642]
normalisation (ground) mu=[-0.822  -0.0035 -0.0104 -0.0242] sigma=[0.2787 0.3777 0.2633 0.1106]
train 131075 / val 32517 (contiguous blocks, not shuffled samples)
  epoch    0  train 0.46033  val RMSE 0.4788 m/s^2  *
  epoch   20  train 0.08626  val RMSE 0.2900 m/s^2
  epoch   39  train 0.08134  val RMSE 0.2819 m/s^2
best val RMSE 0.2810 m/s^2  (8.4s)
baseline (predict zero) 1.2339 m/s^2  ->  77.2% reduction
fold check: max |trained - exported| = 5.03e-07 m/s^2
wrote /home/georg/Desktop/flying_robot_course/experiments/analysis/out/c2_e2e_2026-09-26/loo_weights_18fold/train_without_A3_13-02-56.npz  (19297 weights)
/home/georg/.local/lib/python3.10/site-packages/torch/cuda/__init__.py:716: UserWarning: Can't initialize NVML
  warnings.warn("Can't initialize NVML")
dataset: 170987 samples from 16 file(s)
  /home/georg/Desktop/flying_robot_course/experiments/logs/c1_2026-09-21_merged/A1_2026-09-21_12-51-16/A1_2026-09-21_12-51-16_merged_usd.csv: 2 drones x 7554 rows -> 7554 kept
  /home/georg/Desktop/flying_robot_course/experiments/logs/c1_2026-09-23_merged/A1_2026-09-23_17-17-26/A1_2026-09-23_17-17-26_merged_usd.csv: 2 drones x 7805 rows -> 7805 kept
  /home/georg/Desktop/flying_robot_course/experiments/logs/c1_2026-09-23_merged/A1_2026-09-23_17-18-48/A1_2026-09-23_17-18-48_merged_usd.csv: 2 drones x 8052 rows -> 8052 kept
  /home/georg/Desktop/flying_robot_course/experiments/logs/c1_2026-09-23_merged/A1_2026-09-23_17-36-06/A1_2026-09-23_17-36-06_merged_usd.csv: 2 drones x 8055 rows -> 8055 kept
  /home/georg/Desktop/flying_robot_course/experiments/logs/c1_2026-09-23_merged/A1_2026-09-23_17-37-26/A1_2026-09-23_17-37-26_merged_usd.csv: 2 drones x 7983 rows -> 7983 kept
  /home/georg/Desktop/flying_robot_course/experiments/logs/c1_2026-09-23_merged/A2_2026-09-23_19-21-05/A2_2026-09-23_19-21-05_merged_usd.csv: 2 drones x 14279 rows -> 14279 kept
  /home/georg/Desktop/flying_robot_course/experiments/logs/c1_2026-09-23_merged/A2_2026-09-23_19-27-03/A2_2026-09-23_19-27-03_merged_usd.csv: 2 drones x 14290 rows -> 14290 kept
  /home/georg/Desktop/flying_robot_course/experiments/logs/c1_2026-09-21_merged/A3_2026-09-21_13-00-57/A3_2026-09-21_13-00-57_merged_usd.csv: 2 drones x 17691 rows -> 17691 kept
  /home/georg/Desktop/flying_robot_course/experiments/logs/c1_2026-09-21_merged/A3_2026-09-21_13-02-56/A3_2026-09-21_13-02-56_merged_usd.csv: 2 drones x 17897 rows -> 17897 kept
  /home/georg/Desktop/flying_robot_course/experiments/logs/c1_2026-09-23_merged/A3_2026-09-23_17-45-03/A3_2026-09-23_17-45-03_merged_usd.csv: 2 drones x 10969 rows -> 10969 kept
  /home/georg/Desktop/flying_robot_course/experiments/logs/c1_2026-09-23_merged/A3_2026-09-23_17-46-43/A3_2026-09-23_17-46-43_merged_usd.csv: 2 drones x 10503 rows -> 10503 kept
  /home/georg/Desktop/flying_robot_course/experiments/logs/c1_2026-09-23_merged/A3_2026-09-23_17-54-32/A3_2026-09-23_17-54-32_merged_usd.csv: 2 drones x 13131 rows -> 13131 kept
  /home/georg/Desktop/flying_robot_course/experiments/logs/c1_2026-09-23_merged/A3_2026-09-23_17-57-32/A3_2026-09-23_17-57-32_merged_usd.csv: 2 drones x 13564 rows -> 13564 kept
  /home/georg/Desktop/flying_robot_course/experiments/logs/c1_2026-09-23_merged/A7_2026-09-23_19-11-19/A7_2026-09-23_19-11-19_merged_usd.csv: 2 drones x 6418 rows -> 6418 kept
  /home/georg/Desktop/flying_robot_course/experiments/logs/c1_2026-09-23_merged/A7_2026-09-23_19-12-38/A7_2026-09-23_19-12-38_merged_usd.csv: 2 drones x 6398 rows -> 6398 kept
  /home/georg/Desktop/flying_robot_course/experiments/logs/c1_2026-09-23_merged/A7_2026-09-23_19-13-55/A7_2026-09-23_19-13-55_merged_usd.csv: 2 drones x 6398 rows -> 6398 kept
  dropped_zero_a_res: 170987 (row-ticks summed over all ego drones; partner may read 0 a_res)
  no_neighbour_influence: 69530
normalisation (rel)    mu=[ 0.0111 -0.0039  0.4096 -0.0144  0.0071 -0.0618] sigma=[0.0548 0.0326 0.31   0.4166 0.2986 0.1654]
normalisation (ground) mu=[-0.8277 -0.0041 -0.0096 -0.0235] sigma=[0.2742 0.3664 0.2586 0.1111]
train 136892 / val 34095 (contiguous blocks, not shuffled samples)
  epoch    0  train 0.42005  val RMSE 0.5079 m/s^2  *
  epoch   20  train 0.07773  val RMSE 0.3148 m/s^2  *
  epoch   39  train 0.07363  val RMSE 0.3082 m/s^2
best val RMSE 0.3080 m/s^2  (8.4s)
baseline (predict zero) 1.3204 m/s^2  ->  76.7% reduction
fold check: max |trained - exported| = 8.10e-07 m/s^2
wrote /home/georg/Desktop/flying_robot_course/experiments/analysis/out/c2_e2e_2026-09-26/loo_weights_18fold/train_without_A3_13-04-34.npz  (19297 weights)
/home/georg/.local/lib/python3.10/site-packages/torch/cuda/__init__.py:716: UserWarning: Can't initialize NVML
  warnings.warn("Can't initialize NVML")
dataset: 170520 samples from 16 file(s)
  /home/georg/Desktop/flying_robot_course/experiments/logs/c1_2026-09-21_merged/A1_2026-09-21_12-51-16/A1_2026-09-21_12-51-16_merged_usd.csv: 2 drones x 7554 rows -> 7554 kept
  /home/georg/Desktop/flying_robot_course/experiments/logs/c1_2026-09-23_merged/A1_2026-09-23_17-17-26/A1_2026-09-23_17-17-26_merged_usd.csv: 2 drones x 7805 rows -> 7805 kept
  /home/georg/Desktop/flying_robot_course/experiments/logs/c1_2026-09-23_merged/A1_2026-09-23_17-18-48/A1_2026-09-23_17-18-48_merged_usd.csv: 2 drones x 8052 rows -> 8052 kept
  /home/georg/Desktop/flying_robot_course/experiments/logs/c1_2026-09-23_merged/A1_2026-09-23_17-36-06/A1_2026-09-23_17-36-06_merged_usd.csv: 2 drones x 8055 rows -> 8055 kept
  /home/georg/Desktop/flying_robot_course/experiments/logs/c1_2026-09-23_merged/A1_2026-09-23_17-37-26/A1_2026-09-23_17-37-26_merged_usd.csv: 2 drones x 7983 rows -> 7983 kept
  /home/georg/Desktop/flying_robot_course/experiments/logs/c1_2026-09-23_merged/A2_2026-09-23_19-21-05/A2_2026-09-23_19-21-05_merged_usd.csv: 2 drones x 14279 rows -> 14279 kept
  /home/georg/Desktop/flying_robot_course/experiments/logs/c1_2026-09-23_merged/A2_2026-09-23_19-27-03/A2_2026-09-23_19-27-03_merged_usd.csv: 2 drones x 14290 rows -> 14290 kept
  /home/georg/Desktop/flying_robot_course/experiments/logs/c1_2026-09-21_merged/A3_2026-09-21_13-00-57/A3_2026-09-21_13-00-57_merged_usd.csv: 2 drones x 17691 rows -> 17691 kept
  /home/georg/Desktop/flying_robot_course/experiments/logs/c1_2026-09-21_merged/A3_2026-09-21_13-02-56/A3_2026-09-21_13-02-56_merged_usd.csv: 2 drones x 17897 rows -> 17897 kept
  /home/georg/Desktop/flying_robot_course/experiments/logs/c1_2026-09-21_merged/A3_2026-09-21_13-04-34/A3_2026-09-21_13-04-34_merged_usd.csv: 2 drones x 10502 rows -> 10502 kept
  /home/georg/Desktop/flying_robot_course/experiments/logs/c1_2026-09-23_merged/A3_2026-09-23_17-46-43/A3_2026-09-23_17-46-43_merged_usd.csv: 2 drones x 10503 rows -> 10503 kept
  /home/georg/Desktop/flying_robot_course/experiments/logs/c1_2026-09-23_merged/A3_2026-09-23_17-54-32/A3_2026-09-23_17-54-32_merged_usd.csv: 2 drones x 13131 rows -> 13131 kept
  /home/georg/Desktop/flying_robot_course/experiments/logs/c1_2026-09-23_merged/A3_2026-09-23_17-57-32/A3_2026-09-23_17-57-32_merged_usd.csv: 2 drones x 13564 rows -> 13564 kept
  /home/georg/Desktop/flying_robot_course/experiments/logs/c1_2026-09-23_merged/A7_2026-09-23_19-11-19/A7_2026-09-23_19-11-19_merged_usd.csv: 2 drones x 6418 rows -> 6418 kept
  /home/georg/Desktop/flying_robot_course/experiments/logs/c1_2026-09-23_merged/A7_2026-09-23_19-12-38/A7_2026-09-23_19-12-38_merged_usd.csv: 2 drones x 6398 rows -> 6398 kept
  /home/georg/Desktop/flying_robot_course/experiments/logs/c1_2026-09-23_merged/A7_2026-09-23_19-13-55/A7_2026-09-23_19-13-55_merged_usd.csv: 2 drones x 6398 rows -> 6398 kept
  dropped_zero_a_res: 170520 (row-ticks summed over all ego drones; partner may read 0 a_res)
  no_neighbour_influence: 69038
normalisation (rel)    mu=[ 0.0112 -0.0036  0.4085 -0.0138  0.0066 -0.0616] sigma=[0.0545 0.0326 0.3107 0.4169 0.2988 0.166 ]
normalisation (ground) mu=[-0.8266 -0.0046 -0.0088 -0.0237] sigma=[0.2741 0.3679 0.2592 0.1119]
train 136519 / val 34001 (contiguous blocks, not shuffled samples)
  epoch    0  train 0.42696  val RMSE 0.5139 m/s^2  *
  epoch   20  train 0.07797  val RMSE 0.3203 m/s^2
  epoch   39  train 0.07334  val RMSE 0.3073 m/s^2
best val RMSE 0.3060 m/s^2  (8.2s)
baseline (predict zero) 1.3308 m/s^2  ->  77.0% reduction
fold check: max |trained - exported| = 1.76e-06 m/s^2
wrote /home/georg/Desktop/flying_robot_course/experiments/analysis/out/c2_e2e_2026-09-26/loo_weights_18fold/train_without_A3_17-45-03.npz  (19297 weights)
/home/georg/.local/lib/python3.10/site-packages/torch/cuda/__init__.py:716: UserWarning: Can't initialize NVML
  warnings.warn("Can't initialize NVML")
dataset: 170986 samples from 16 file(s)
  /home/georg/Desktop/flying_robot_course/experiments/logs/c1_2026-09-21_merged/A1_2026-09-21_12-51-16/A1_2026-09-21_12-51-16_merged_usd.csv: 2 drones x 7554 rows -> 7554 kept
  /home/georg/Desktop/flying_robot_course/experiments/logs/c1_2026-09-23_merged/A1_2026-09-23_17-17-26/A1_2026-09-23_17-17-26_merged_usd.csv: 2 drones x 7805 rows -> 7805 kept
  /home/georg/Desktop/flying_robot_course/experiments/logs/c1_2026-09-23_merged/A1_2026-09-23_17-18-48/A1_2026-09-23_17-18-48_merged_usd.csv: 2 drones x 8052 rows -> 8052 kept
  /home/georg/Desktop/flying_robot_course/experiments/logs/c1_2026-09-23_merged/A1_2026-09-23_17-36-06/A1_2026-09-23_17-36-06_merged_usd.csv: 2 drones x 8055 rows -> 8055 kept
  /home/georg/Desktop/flying_robot_course/experiments/logs/c1_2026-09-23_merged/A1_2026-09-23_17-37-26/A1_2026-09-23_17-37-26_merged_usd.csv: 2 drones x 7983 rows -> 7983 kept
  /home/georg/Desktop/flying_robot_course/experiments/logs/c1_2026-09-23_merged/A2_2026-09-23_19-21-05/A2_2026-09-23_19-21-05_merged_usd.csv: 2 drones x 14279 rows -> 14279 kept
  /home/georg/Desktop/flying_robot_course/experiments/logs/c1_2026-09-23_merged/A2_2026-09-23_19-27-03/A2_2026-09-23_19-27-03_merged_usd.csv: 2 drones x 14290 rows -> 14290 kept
  /home/georg/Desktop/flying_robot_course/experiments/logs/c1_2026-09-21_merged/A3_2026-09-21_13-00-57/A3_2026-09-21_13-00-57_merged_usd.csv: 2 drones x 17691 rows -> 17691 kept
  /home/georg/Desktop/flying_robot_course/experiments/logs/c1_2026-09-21_merged/A3_2026-09-21_13-02-56/A3_2026-09-21_13-02-56_merged_usd.csv: 2 drones x 17897 rows -> 17897 kept
  /home/georg/Desktop/flying_robot_course/experiments/logs/c1_2026-09-21_merged/A3_2026-09-21_13-04-34/A3_2026-09-21_13-04-34_merged_usd.csv: 2 drones x 10502 rows -> 10502 kept
  /home/georg/Desktop/flying_robot_course/experiments/logs/c1_2026-09-23_merged/A3_2026-09-23_17-45-03/A3_2026-09-23_17-45-03_merged_usd.csv: 2 drones x 10969 rows -> 10969 kept
  /home/georg/Desktop/flying_robot_course/experiments/logs/c1_2026-09-23_merged/A3_2026-09-23_17-54-32/A3_2026-09-23_17-54-32_merged_usd.csv: 2 drones x 13131 rows -> 13131 kept
  /home/georg/Desktop/flying_robot_course/experiments/logs/c1_2026-09-23_merged/A3_2026-09-23_17-57-32/A3_2026-09-23_17-57-32_merged_usd.csv: 2 drones x 13564 rows -> 13564 kept
  /home/georg/Desktop/flying_robot_course/experiments/logs/c1_2026-09-23_merged/A7_2026-09-23_19-11-19/A7_2026-09-23_19-11-19_merged_usd.csv: 2 drones x 6418 rows -> 6418 kept
  /home/georg/Desktop/flying_robot_course/experiments/logs/c1_2026-09-23_merged/A7_2026-09-23_19-12-38/A7_2026-09-23_19-12-38_merged_usd.csv: 2 drones x 6398 rows -> 6398 kept
  /home/georg/Desktop/flying_robot_course/experiments/logs/c1_2026-09-23_merged/A7_2026-09-23_19-13-55/A7_2026-09-23_19-13-55_merged_usd.csv: 2 drones x 6398 rows -> 6398 kept
  dropped_zero_a_res: 170986 (row-ticks summed over all ego drones; partner may read 0 a_res)
  no_neighbour_influence: 69469
normalisation (rel)    mu=[ 0.0112 -0.0035  0.4086 -0.0135  0.0067 -0.0616] sigma=[0.0546 0.0325 0.3105 0.4169 0.2985 0.1659]
normalisation (ground) mu=[-0.8271 -0.0046 -0.0089 -0.0235] sigma=[0.2739 0.3676 0.2587 0.1118]
train 136885 / val 34101 (contiguous blocks, not shuffled samples)
  epoch    0  train 0.42611  val RMSE 0.5090 m/s^2  *
  epoch   20  train 0.07805  val RMSE 0.3176 m/s^2
  epoch   39  train 0.07357  val RMSE 0.3197 m/s^2
best val RMSE 0.3157 m/s^2  (8.6s)
baseline (predict zero) 1.3173 m/s^2  ->  76.0% reduction
fold check: max |trained - exported| = 7.35e-07 m/s^2
wrote /home/georg/Desktop/flying_robot_course/experiments/analysis/out/c2_e2e_2026-09-26/loo_weights_18fold/train_without_A3_17-46-43.npz  (19297 weights)
/home/georg/.local/lib/python3.10/site-packages/torch/cuda/__init__.py:716: UserWarning: Can't initialize NVML
  warnings.warn("Can't initialize NVML")
dataset: 168358 samples from 16 file(s)
  /home/georg/Desktop/flying_robot_course/experiments/logs/c1_2026-09-21_merged/A1_2026-09-21_12-51-16/A1_2026-09-21_12-51-16_merged_usd.csv: 2 drones x 7554 rows -> 7554 kept
  /home/georg/Desktop/flying_robot_course/experiments/logs/c1_2026-09-23_merged/A1_2026-09-23_17-17-26/A1_2026-09-23_17-17-26_merged_usd.csv: 2 drones x 7805 rows -> 7805 kept
  /home/georg/Desktop/flying_robot_course/experiments/logs/c1_2026-09-23_merged/A1_2026-09-23_17-18-48/A1_2026-09-23_17-18-48_merged_usd.csv: 2 drones x 8052 rows -> 8052 kept
  /home/georg/Desktop/flying_robot_course/experiments/logs/c1_2026-09-23_merged/A1_2026-09-23_17-36-06/A1_2026-09-23_17-36-06_merged_usd.csv: 2 drones x 8055 rows -> 8055 kept
  /home/georg/Desktop/flying_robot_course/experiments/logs/c1_2026-09-23_merged/A1_2026-09-23_17-37-26/A1_2026-09-23_17-37-26_merged_usd.csv: 2 drones x 7983 rows -> 7983 kept
  /home/georg/Desktop/flying_robot_course/experiments/logs/c1_2026-09-23_merged/A2_2026-09-23_19-21-05/A2_2026-09-23_19-21-05_merged_usd.csv: 2 drones x 14279 rows -> 14279 kept
  /home/georg/Desktop/flying_robot_course/experiments/logs/c1_2026-09-23_merged/A2_2026-09-23_19-27-03/A2_2026-09-23_19-27-03_merged_usd.csv: 2 drones x 14290 rows -> 14290 kept
  /home/georg/Desktop/flying_robot_course/experiments/logs/c1_2026-09-21_merged/A3_2026-09-21_13-00-57/A3_2026-09-21_13-00-57_merged_usd.csv: 2 drones x 17691 rows -> 17691 kept
  /home/georg/Desktop/flying_robot_course/experiments/logs/c1_2026-09-21_merged/A3_2026-09-21_13-02-56/A3_2026-09-21_13-02-56_merged_usd.csv: 2 drones x 17897 rows -> 17897 kept
  /home/georg/Desktop/flying_robot_course/experiments/logs/c1_2026-09-21_merged/A3_2026-09-21_13-04-34/A3_2026-09-21_13-04-34_merged_usd.csv: 2 drones x 10502 rows -> 10502 kept
  /home/georg/Desktop/flying_robot_course/experiments/logs/c1_2026-09-23_merged/A3_2026-09-23_17-45-03/A3_2026-09-23_17-45-03_merged_usd.csv: 2 drones x 10969 rows -> 10969 kept
  /home/georg/Desktop/flying_robot_course/experiments/logs/c1_2026-09-23_merged/A3_2026-09-23_17-46-43/A3_2026-09-23_17-46-43_merged_usd.csv: 2 drones x 10503 rows -> 10503 kept
  /home/georg/Desktop/flying_robot_course/experiments/logs/c1_2026-09-23_merged/A3_2026-09-23_17-57-32/A3_2026-09-23_17-57-32_merged_usd.csv: 2 drones x 13564 rows -> 13564 kept
  /home/georg/Desktop/flying_robot_course/experiments/logs/c1_2026-09-23_merged/A7_2026-09-23_19-11-19/A7_2026-09-23_19-11-19_merged_usd.csv: 2 drones x 6418 rows -> 6418 kept
  /home/georg/Desktop/flying_robot_course/experiments/logs/c1_2026-09-23_merged/A7_2026-09-23_19-12-38/A7_2026-09-23_19-12-38_merged_usd.csv: 2 drones x 6398 rows -> 6398 kept
  /home/georg/Desktop/flying_robot_course/experiments/logs/c1_2026-09-23_merged/A7_2026-09-23_19-13-55/A7_2026-09-23_19-13-55_merged_usd.csv: 2 drones x 6398 rows -> 6398 kept
  dropped_zero_a_res: 168358 (row-ticks summed over all ego drones; partner may read 0 a_res)
  no_neighbour_influence: 67205
normalisation (rel)    mu=[ 0.0112 -0.0034  0.4051 -0.0135  0.0064 -0.0621] sigma=[0.0547 0.0325 0.312  0.417  0.2989 0.1658]
normalisation (ground) mu=[-0.8251 -0.005  -0.0085 -0.0238] sigma=[0.2755 0.3716 0.2606 0.1121]
train 134788 / val 33570 (contiguous blocks, not shuffled samples)
  epoch    0  train 0.42112  val RMSE 0.5702 m/s^2  *
  epoch   20  train 0.07720  val RMSE 0.3014 m/s^2
  epoch   39  train 0.07324  val RMSE 0.2966 m/s^2
best val RMSE 0.2960 m/s^2  (8.1s)
baseline (predict zero) 1.3673 m/s^2  ->  78.4% reduction
fold check: max |trained - exported| = 8.10e-07 m/s^2
wrote /home/georg/Desktop/flying_robot_course/experiments/analysis/out/c2_e2e_2026-09-26/loo_weights_18fold/train_without_A3_17-54-32.npz  (19297 weights)
/home/georg/.local/lib/python3.10/site-packages/torch/cuda/__init__.py:716: UserWarning: Can't initialize NVML
  warnings.warn("Can't initialize NVML")
dataset: 167925 samples from 16 file(s)
  /home/georg/Desktop/flying_robot_course/experiments/logs/c1_2026-09-21_merged/A1_2026-09-21_12-51-16/A1_2026-09-21_12-51-16_merged_usd.csv: 2 drones x 7554 rows -> 7554 kept
  /home/georg/Desktop/flying_robot_course/experiments/logs/c1_2026-09-23_merged/A1_2026-09-23_17-17-26/A1_2026-09-23_17-17-26_merged_usd.csv: 2 drones x 7805 rows -> 7805 kept
  /home/georg/Desktop/flying_robot_course/experiments/logs/c1_2026-09-23_merged/A1_2026-09-23_17-18-48/A1_2026-09-23_17-18-48_merged_usd.csv: 2 drones x 8052 rows -> 8052 kept
  /home/georg/Desktop/flying_robot_course/experiments/logs/c1_2026-09-23_merged/A1_2026-09-23_17-36-06/A1_2026-09-23_17-36-06_merged_usd.csv: 2 drones x 8055 rows -> 8055 kept
  /home/georg/Desktop/flying_robot_course/experiments/logs/c1_2026-09-23_merged/A1_2026-09-23_17-37-26/A1_2026-09-23_17-37-26_merged_usd.csv: 2 drones x 7983 rows -> 7983 kept
  /home/georg/Desktop/flying_robot_course/experiments/logs/c1_2026-09-23_merged/A2_2026-09-23_19-21-05/A2_2026-09-23_19-21-05_merged_usd.csv: 2 drones x 14279 rows -> 14279 kept
  /home/georg/Desktop/flying_robot_course/experiments/logs/c1_2026-09-23_merged/A2_2026-09-23_19-27-03/A2_2026-09-23_19-27-03_merged_usd.csv: 2 drones x 14290 rows -> 14290 kept
  /home/georg/Desktop/flying_robot_course/experiments/logs/c1_2026-09-21_merged/A3_2026-09-21_13-00-57/A3_2026-09-21_13-00-57_merged_usd.csv: 2 drones x 17691 rows -> 17691 kept
  /home/georg/Desktop/flying_robot_course/experiments/logs/c1_2026-09-21_merged/A3_2026-09-21_13-02-56/A3_2026-09-21_13-02-56_merged_usd.csv: 2 drones x 17897 rows -> 17897 kept
  /home/georg/Desktop/flying_robot_course/experiments/logs/c1_2026-09-21_merged/A3_2026-09-21_13-04-34/A3_2026-09-21_13-04-34_merged_usd.csv: 2 drones x 10502 rows -> 10502 kept
  /home/georg/Desktop/flying_robot_course/experiments/logs/c1_2026-09-23_merged/A3_2026-09-23_17-45-03/A3_2026-09-23_17-45-03_merged_usd.csv: 2 drones x 10969 rows -> 10969 kept
  /home/georg/Desktop/flying_robot_course/experiments/logs/c1_2026-09-23_merged/A3_2026-09-23_17-46-43/A3_2026-09-23_17-46-43_merged_usd.csv: 2 drones x 10503 rows -> 10503 kept
  /home/georg/Desktop/flying_robot_course/experiments/logs/c1_2026-09-23_merged/A3_2026-09-23_17-54-32/A3_2026-09-23_17-54-32_merged_usd.csv: 2 drones x 13131 rows -> 13131 kept
  /home/georg/Desktop/flying_robot_course/experiments/logs/c1_2026-09-23_merged/A7_2026-09-23_19-11-19/A7_2026-09-23_19-11-19_merged_usd.csv: 2 drones x 6418 rows -> 6418 kept
  /home/georg/Desktop/flying_robot_course/experiments/logs/c1_2026-09-23_merged/A7_2026-09-23_19-12-38/A7_2026-09-23_19-12-38_merged_usd.csv: 2 drones x 6398 rows -> 6398 kept
  /home/georg/Desktop/flying_robot_course/experiments/logs/c1_2026-09-23_merged/A7_2026-09-23_19-13-55/A7_2026-09-23_19-13-55_merged_usd.csv: 2 drones x 6398 rows -> 6398 kept
  dropped_zero_a_res: 167925 (row-ticks summed over all ego drones; partner may read 0 a_res)
  no_neighbour_influence: 66766
normalisation (rel)    mu=[ 0.0111 -0.0033  0.4054 -0.0132  0.006  -0.0621] sigma=[0.0547 0.0324 0.312  0.4173 0.2986 0.1661]
normalisation (ground) mu=[-0.8247 -0.0048 -0.0088 -0.0239] sigma=[0.2758 0.3722 0.2606 0.1124]
train 134336 / val 33589 (contiguous blocks, not shuffled samples)
  epoch    0  train 0.43257  val RMSE 0.5308 m/s^2  *
  epoch   20  train 0.07602  val RMSE 0.3591 m/s^2
  epoch   39  train 0.07199  val RMSE 0.3597 m/s^2
best val RMSE 0.3539 m/s^2  (8.0s)
baseline (predict zero) 1.3688 m/s^2  ->  74.1% reduction
fold check: max |trained - exported| = 8.71e-07 m/s^2
wrote /home/georg/Desktop/flying_robot_course/experiments/analysis/out/c2_e2e_2026-09-26/loo_weights_18fold/train_without_A3_17-57-32.npz  (19297 weights)
/home/georg/.local/lib/python3.10/site-packages/torch/cuda/__init__.py:716: UserWarning: Can't initialize NVML
  warnings.warn("Can't initialize NVML")
dataset: 175071 samples from 16 file(s)
  /home/georg/Desktop/flying_robot_course/experiments/logs/c1_2026-09-21_merged/A1_2026-09-21_12-51-16/A1_2026-09-21_12-51-16_merged_usd.csv: 2 drones x 7554 rows -> 7554 kept
  /home/georg/Desktop/flying_robot_course/experiments/logs/c1_2026-09-23_merged/A1_2026-09-23_17-17-26/A1_2026-09-23_17-17-26_merged_usd.csv: 2 drones x 7805 rows -> 7805 kept
  /home/georg/Desktop/flying_robot_course/experiments/logs/c1_2026-09-23_merged/A1_2026-09-23_17-18-48/A1_2026-09-23_17-18-48_merged_usd.csv: 2 drones x 8052 rows -> 8052 kept
  /home/georg/Desktop/flying_robot_course/experiments/logs/c1_2026-09-23_merged/A1_2026-09-23_17-36-06/A1_2026-09-23_17-36-06_merged_usd.csv: 2 drones x 8055 rows -> 8055 kept
  /home/georg/Desktop/flying_robot_course/experiments/logs/c1_2026-09-23_merged/A1_2026-09-23_17-37-26/A1_2026-09-23_17-37-26_merged_usd.csv: 2 drones x 7983 rows -> 7983 kept
  /home/georg/Desktop/flying_robot_course/experiments/logs/c1_2026-09-23_merged/A2_2026-09-23_19-21-05/A2_2026-09-23_19-21-05_merged_usd.csv: 2 drones x 14279 rows -> 14279 kept
  /home/georg/Desktop/flying_robot_course/experiments/logs/c1_2026-09-23_merged/A2_2026-09-23_19-27-03/A2_2026-09-23_19-27-03_merged_usd.csv: 2 drones x 14290 rows -> 14290 kept
  /home/georg/Desktop/flying_robot_course/experiments/logs/c1_2026-09-21_merged/A3_2026-09-21_13-00-57/A3_2026-09-21_13-00-57_merged_usd.csv: 2 drones x 17691 rows -> 17691 kept
  /home/georg/Desktop/flying_robot_course/experiments/logs/c1_2026-09-21_merged/A3_2026-09-21_13-02-56/A3_2026-09-21_13-02-56_merged_usd.csv: 2 drones x 17897 rows -> 17897 kept
  /home/georg/Desktop/flying_robot_course/experiments/logs/c1_2026-09-21_merged/A3_2026-09-21_13-04-34/A3_2026-09-21_13-04-34_merged_usd.csv: 2 drones x 10502 rows -> 10502 kept
  /home/georg/Desktop/flying_robot_course/experiments/logs/c1_2026-09-23_merged/A3_2026-09-23_17-45-03/A3_2026-09-23_17-45-03_merged_usd.csv: 2 drones x 10969 rows -> 10969 kept
  /home/georg/Desktop/flying_robot_course/experiments/logs/c1_2026-09-23_merged/A3_2026-09-23_17-46-43/A3_2026-09-23_17-46-43_merged_usd.csv: 2 drones x 10503 rows -> 10503 kept
  /home/georg/Desktop/flying_robot_course/experiments/logs/c1_2026-09-23_merged/A3_2026-09-23_17-54-32/A3_2026-09-23_17-54-32_merged_usd.csv: 2 drones x 13131 rows -> 13131 kept
  /home/georg/Desktop/flying_robot_course/experiments/logs/c1_2026-09-23_merged/A3_2026-09-23_17-57-32/A3_2026-09-23_17-57-32_merged_usd.csv: 2 drones x 13564 rows -> 13564 kept
  /home/georg/Desktop/flying_robot_course/experiments/logs/c1_2026-09-23_merged/A7_2026-09-23_19-12-38/A7_2026-09-23_19-12-38_merged_usd.csv: 2 drones x 6398 rows -> 6398 kept
  /home/georg/Desktop/flying_robot_course/experiments/logs/c1_2026-09-23_merged/A7_2026-09-23_19-13-55/A7_2026-09-23_19-13-55_merged_usd.csv: 2 drones x 6398 rows -> 6398 kept
  dropped_zero_a_res: 175071 (row-ticks summed over all ego drones; partner may read 0 a_res)
  no_neighbour_influence: 77961
normalisation (rel)    mu=[ 0.01   -0.0047  0.3849 -0.0129  0.009  -0.0573] sigma=[0.0572 0.0318 0.2896 0.4259 0.2946 0.168 ]
normalisation (ground) mu=[-0.8628 -0.0048 -0.0048 -0.0227] sigma=[0.2297 0.3692 0.2475 0.1105]
train 140056 / val 35015 (contiguous blocks, not shuffled samples)
  epoch    0  train 0.39759  val RMSE 0.4294 m/s^2  *
  epoch   20  train 0.07156  val RMSE 0.2726 m/s^2
  epoch   39  train 0.06674  val RMSE 0.2707 m/s^2
best val RMSE 0.2686 m/s^2  (8.6s)
baseline (predict zero) 1.2631 m/s^2  ->  78.7% reduction
fold check: max |trained - exported| = 9.20e-07 m/s^2
wrote /home/georg/Desktop/flying_robot_course/experiments/analysis/out/c2_e2e_2026-09-26/loo_weights_18fold/train_without_A7_19-11-19.npz  (19297 weights)
/home/georg/.local/lib/python3.10/site-packages/torch/cuda/__init__.py:716: UserWarning: Can't initialize NVML
  warnings.warn("Can't initialize NVML")
dataset: 175091 samples from 16 file(s)
  /home/georg/Desktop/flying_robot_course/experiments/logs/c1_2026-09-21_merged/A1_2026-09-21_12-51-16/A1_2026-09-21_12-51-16_merged_usd.csv: 2 drones x 7554 rows -> 7554 kept
  /home/georg/Desktop/flying_robot_course/experiments/logs/c1_2026-09-23_merged/A1_2026-09-23_17-17-26/A1_2026-09-23_17-17-26_merged_usd.csv: 2 drones x 7805 rows -> 7805 kept
  /home/georg/Desktop/flying_robot_course/experiments/logs/c1_2026-09-23_merged/A1_2026-09-23_17-18-48/A1_2026-09-23_17-18-48_merged_usd.csv: 2 drones x 8052 rows -> 8052 kept
  /home/georg/Desktop/flying_robot_course/experiments/logs/c1_2026-09-23_merged/A1_2026-09-23_17-36-06/A1_2026-09-23_17-36-06_merged_usd.csv: 2 drones x 8055 rows -> 8055 kept
  /home/georg/Desktop/flying_robot_course/experiments/logs/c1_2026-09-23_merged/A1_2026-09-23_17-37-26/A1_2026-09-23_17-37-26_merged_usd.csv: 2 drones x 7983 rows -> 7983 kept
  /home/georg/Desktop/flying_robot_course/experiments/logs/c1_2026-09-23_merged/A2_2026-09-23_19-21-05/A2_2026-09-23_19-21-05_merged_usd.csv: 2 drones x 14279 rows -> 14279 kept
  /home/georg/Desktop/flying_robot_course/experiments/logs/c1_2026-09-23_merged/A2_2026-09-23_19-27-03/A2_2026-09-23_19-27-03_merged_usd.csv: 2 drones x 14290 rows -> 14290 kept
  /home/georg/Desktop/flying_robot_course/experiments/logs/c1_2026-09-21_merged/A3_2026-09-21_13-00-57/A3_2026-09-21_13-00-57_merged_usd.csv: 2 drones x 17691 rows -> 17691 kept
  /home/georg/Desktop/flying_robot_course/experiments/logs/c1_2026-09-21_merged/A3_2026-09-21_13-02-56/A3_2026-09-21_13-02-56_merged_usd.csv: 2 drones x 17897 rows -> 17897 kept
  /home/georg/Desktop/flying_robot_course/experiments/logs/c1_2026-09-21_merged/A3_2026-09-21_13-04-34/A3_2026-09-21_13-04-34_merged_usd.csv: 2 drones x 10502 rows -> 10502 kept
  /home/georg/Desktop/flying_robot_course/experiments/logs/c1_2026-09-23_merged/A3_2026-09-23_17-45-03/A3_2026-09-23_17-45-03_merged_usd.csv: 2 drones x 10969 rows -> 10969 kept
  /home/georg/Desktop/flying_robot_course/experiments/logs/c1_2026-09-23_merged/A3_2026-09-23_17-46-43/A3_2026-09-23_17-46-43_merged_usd.csv: 2 drones x 10503 rows -> 10503 kept
  /home/georg/Desktop/flying_robot_course/experiments/logs/c1_2026-09-23_merged/A3_2026-09-23_17-54-32/A3_2026-09-23_17-54-32_merged_usd.csv: 2 drones x 13131 rows -> 13131 kept
  /home/georg/Desktop/flying_robot_course/experiments/logs/c1_2026-09-23_merged/A3_2026-09-23_17-57-32/A3_2026-09-23_17-57-32_merged_usd.csv: 2 drones x 13564 rows -> 13564 kept
  /home/georg/Desktop/flying_robot_course/experiments/logs/c1_2026-09-23_merged/A7_2026-09-23_19-11-19/A7_2026-09-23_19-11-19_merged_usd.csv: 2 drones x 6418 rows -> 6418 kept
  /home/georg/Desktop/flying_robot_course/experiments/logs/c1_2026-09-23_merged/A7_2026-09-23_19-13-55/A7_2026-09-23_19-13-55_merged_usd.csv: 2 drones x 6398 rows -> 6398 kept
  dropped_zero_a_res: 175091 (row-ticks summed over all ego drones; partner may read 0 a_res)
  no_neighbour_influence: 77961
normalisation (rel)    mu=[ 0.0107 -0.0041  0.3847 -0.0134  0.0074 -0.057 ] sigma=[0.0572 0.0322 0.2897 0.4248 0.2952 0.1687]
normalisation (ground) mu=[-0.8628 -0.0047 -0.0053 -0.0226] sigma=[0.2295 0.3686 0.2476 0.111 ]
train 140075 / val 35016 (contiguous blocks, not shuffled samples)
  epoch    0  train 0.39659  val RMSE 0.4378 m/s^2  *
  epoch   20  train 0.07271  val RMSE 0.2781 m/s^2
  epoch   39  train 0.06820  val RMSE 0.2762 m/s^2
best val RMSE 0.2757 m/s^2  (8.5s)
baseline (predict zero) 1.2643 m/s^2  ->  78.2% reduction
fold check: max |trained - exported| = 1.49e-06 m/s^2
wrote /home/georg/Desktop/flying_robot_course/experiments/analysis/out/c2_e2e_2026-09-26/loo_weights_18fold/train_without_A7_19-12-38.npz  (19297 weights)
/home/georg/.local/lib/python3.10/site-packages/torch/cuda/__init__.py:716: UserWarning: Can't initialize NVML
  warnings.warn("Can't initialize NVML")
dataset: 175091 samples from 16 file(s)
  /home/georg/Desktop/flying_robot_course/experiments/logs/c1_2026-09-21_merged/A1_2026-09-21_12-51-16/A1_2026-09-21_12-51-16_merged_usd.csv: 2 drones x 7554 rows -> 7554 kept
  /home/georg/Desktop/flying_robot_course/experiments/logs/c1_2026-09-23_merged/A1_2026-09-23_17-17-26/A1_2026-09-23_17-17-26_merged_usd.csv: 2 drones x 7805 rows -> 7805 kept
  /home/georg/Desktop/flying_robot_course/experiments/logs/c1_2026-09-23_merged/A1_2026-09-23_17-18-48/A1_2026-09-23_17-18-48_merged_usd.csv: 2 drones x 8052 rows -> 8052 kept
  /home/georg/Desktop/flying_robot_course/experiments/logs/c1_2026-09-23_merged/A1_2026-09-23_17-36-06/A1_2026-09-23_17-36-06_merged_usd.csv: 2 drones x 8055 rows -> 8055 kept
  /home/georg/Desktop/flying_robot_course/experiments/logs/c1_2026-09-23_merged/A1_2026-09-23_17-37-26/A1_2026-09-23_17-37-26_merged_usd.csv: 2 drones x 7983 rows -> 7983 kept
  /home/georg/Desktop/flying_robot_course/experiments/logs/c1_2026-09-23_merged/A2_2026-09-23_19-21-05/A2_2026-09-23_19-21-05_merged_usd.csv: 2 drones x 14279 rows -> 14279 kept
  /home/georg/Desktop/flying_robot_course/experiments/logs/c1_2026-09-23_merged/A2_2026-09-23_19-27-03/A2_2026-09-23_19-27-03_merged_usd.csv: 2 drones x 14290 rows -> 14290 kept
  /home/georg/Desktop/flying_robot_course/experiments/logs/c1_2026-09-21_merged/A3_2026-09-21_13-00-57/A3_2026-09-21_13-00-57_merged_usd.csv: 2 drones x 17691 rows -> 17691 kept
  /home/georg/Desktop/flying_robot_course/experiments/logs/c1_2026-09-21_merged/A3_2026-09-21_13-02-56/A3_2026-09-21_13-02-56_merged_usd.csv: 2 drones x 17897 rows -> 17897 kept
  /home/georg/Desktop/flying_robot_course/experiments/logs/c1_2026-09-21_merged/A3_2026-09-21_13-04-34/A3_2026-09-21_13-04-34_merged_usd.csv: 2 drones x 10502 rows -> 10502 kept
  /home/georg/Desktop/flying_robot_course/experiments/logs/c1_2026-09-23_merged/A3_2026-09-23_17-45-03/A3_2026-09-23_17-45-03_merged_usd.csv: 2 drones x 10969 rows -> 10969 kept
  /home/georg/Desktop/flying_robot_course/experiments/logs/c1_2026-09-23_merged/A3_2026-09-23_17-46-43/A3_2026-09-23_17-46-43_merged_usd.csv: 2 drones x 10503 rows -> 10503 kept
  /home/georg/Desktop/flying_robot_course/experiments/logs/c1_2026-09-23_merged/A3_2026-09-23_17-54-32/A3_2026-09-23_17-54-32_merged_usd.csv: 2 drones x 13131 rows -> 13131 kept
  /home/georg/Desktop/flying_robot_course/experiments/logs/c1_2026-09-23_merged/A3_2026-09-23_17-57-32/A3_2026-09-23_17-57-32_merged_usd.csv: 2 drones x 13564 rows -> 13564 kept
  /home/georg/Desktop/flying_robot_course/experiments/logs/c1_2026-09-23_merged/A7_2026-09-23_19-11-19/A7_2026-09-23_19-11-19_merged_usd.csv: 2 drones x 6418 rows -> 6418 kept
  /home/georg/Desktop/flying_robot_course/experiments/logs/c1_2026-09-23_merged/A7_2026-09-23_19-12-38/A7_2026-09-23_19-12-38_merged_usd.csv: 2 drones x 6398 rows -> 6398 kept
  dropped_zero_a_res: 175091 (row-ticks summed over all ego drones; partner may read 0 a_res)
  no_neighbour_influence: 77961
normalisation (rel)    mu=[ 0.0107 -0.0039  0.385  -0.0133  0.0077 -0.0576] sigma=[0.0573 0.0322 0.29   0.4261 0.2954 0.1686]
normalisation (ground) mu=[-0.8627 -0.0044 -0.0051 -0.0229] sigma=[0.2297 0.3692 0.2478 0.1108]
train 140075 / val 35016 (contiguous blocks, not shuffled samples)
  epoch    0  train 0.39507  val RMSE 0.4412 m/s^2  *
  epoch   20  train 0.07217  val RMSE 0.2676 m/s^2
  epoch   39  train 0.06743  val RMSE 0.2654 m/s^2
best val RMSE 0.2643 m/s^2  (8.3s)
baseline (predict zero) 1.2452 m/s^2  ->  78.8% reduction
fold check: max |trained - exported| = 1.31e-06 m/s^2
wrote /home/georg/Desktop/flying_robot_course/experiments/analysis/out/c2_e2e_2026-09-26/loo_weights_18fold/train_without_A7_19-13-55.npz  (19297 weights)
LOO: 17 usable flights (of 24 paths)
  A1_2026-09-21_12-51-16: n=7554 RMSE=0.7968 zero=1.7890 pct=55.5%
  A1_2026-09-23_17-17-26: n=7805 RMSE=0.4414 zero=1.7870 pct=75.3%
  A1_2026-09-23_17-18-48: n=8052 RMSE=0.3407 zero=1.8258 pct=81.3%
  A1_2026-09-23_17-36-06: n=8055 RMSE=0.3813 zero=2.0829 pct=81.7%
  A1_2026-09-23_17-37-26: n=7983 RMSE=0.3823 zero=2.0223 pct=81.1%
  A2_2026-09-23_19-21-05: n=14279 RMSE=0.4993 zero=1.1268 pct=55.7%
  A2_2026-09-23_19-27-03: n=14290 RMSE=0.4321 zero=1.0768 pct=59.9%
  A3_2026-09-21_13-00-57: n=17691 RMSE=0.1839 zero=0.7703 pct=76.1%
  A3_2026-09-21_13-02-56: n=17897 RMSE=0.1871 zero=0.7570 pct=75.3%
  A3_2026-09-21_13-04-34: n=10502 RMSE=0.2511 zero=0.7403 pct=66.1%
  A3_2026-09-23_17-45-03: n=10969 RMSE=0.1737 zero=0.6588 pct=73.6%
  A3_2026-09-23_17-46-43: n=10503 RMSE=0.1637 zero=0.6587 pct=75.2%
  A3_2026-09-23_17-54-32: n=13131 RMSE=0.1608 zero=0.8115 pct=80.2%
  A3_2026-09-23_17-57-32: n=13564 RMSE=0.1512 zero=0.7657 pct=80.3%
  A7_2026-09-23_19-11-19: n=6418 RMSE=0.4526 zero=1.5833 pct=71.4%
  A7_2026-09-23_19-12-38: n=6398 RMSE=0.4134 zero=1.5628 pct=73.5%
  A7_2026-09-23_19-13-55: n=6398 RMSE=0.4305 zero=1.7074 pct=74.8%
wrote /home/georg/Desktop/flying_robot_course/experiments/analysis/out/c2_e2e_2026-09-26/loo_18fold_results.json
