calibrated acc_z_bias_g for +16 cm: {'oot4': -0.11422443436458707, 'oot5': -0.1142245545051992}
-0.000067, 0.000000 0.000000 0.000528
INDI r 15624 15624 15624 15624
INDI t 0.104721 0.104721 0.104721 0.104721
INDI p 0.000000 0.000000 -0.000067, 0.000000 0.000000 0.000136
INDI a 0.000000 0.000000 0.000000, 0.000000 0.000000 0.000000
INDI r 15623 15623 15623 15623
INDI t 0.104708 0.104708 0.104708 0.104708
INDI p 0.000000 0.000000 -0.001324, 0.000000 0.000000 -0.000649
INDI r 15623 15623 15623 15623
INDI t 0.104708 0.104708 0.104708 0.104708
INDI p 0.000000 0.000000 -0.001324, 0.000000 0.000000 -0.000190
INDI a 0.000000 0.000000 0.000000, 0.000000 0.000000 0.000000
INDI r 15624 15624 15624 15624
INDI t 0.104721 0.104721 0.104721 0.104721
INDI p 0.000000 0.000000 -0.000067, 0.000000 0.000000 0.000374
INDI r 15624 15624 15624 15624
INDI t 0.104721 0.104721 0.104721 0.104721
INDI p 0.000000 0.000000 -0.000067, 0.000000 0.000000 0.000052
INDI a 0.000000 0.000000 0.000000, 0.000000 0.000000 0.000000
INDI r 15623 15623 15623 15623
INDI t 0.104708 0.104708 0.104708 0.104708
INDI p 0.000000 0.000000 -0.001324, 0.000000 0.000000 -0.000580
INDI r 15623 15623 15623 15623
INDI t 0.104708 0.104708 0.104708 0.104708
INDI p 0.000000 0.000000 -0.001324, 0.000000 0.000000 -0.000096
INDI a 0.000000 0.000000 0.000000, 0.000000 0.000000 0.000000
INDI r 15624 15624 15624 15624
INDI t 0.104721 0.104721 0.104721 0.104721
INDI p 0.000000 0.000000 -0.000067, 0.000000 0.000000 0.000288
INDI r 15624 15624 15624 15624
INDI t 0.104721 0.104721 0.104721 0.104721
INDI p 0.000000 0.000000 -0.000067, 0.000000 0.000000 0.000003
INDI a 0.000000 0.000000 0.000000, 0.000000 0.000000 0.000000
INDI r 15623 15623 15623 15623
INDI t 0.104708 0.104708 0.104708 0.104708
INDI p 0.000000 0.000000 -0.001324, 0.000000 0.000000 -0.000459
INDI r 15624 15624 15624 15624
INDI t 0.104721 0.104721 0.104721 0.104721
INDI p 0.000000 0.000000 -0.000067, 0.000000 0.000000 0.000553
INDI a 0.000000 0.000000 0.000000, 0.000000 0.000000 0.000000
INDI r 15624 15624 15624 15624
INDI t 0.104721 0.104721 0.104721 0.104721
INDI p 0.000000 0.000000 -0.000067, 0.000000 0.000000 0.000212
INDI r 15624 15624 15624 15624
INDI t 0.104721 0.104721 0.104721 0.104721
INDI p 0.000000 0.000000 -0.000067, 0.000000 0.000000 -0.000034
INDI a 0.000000 0.000000 0.000000, 0.000000 0.000000 0.000000
INDI r 15623 15623 15623 15623
INDI t 0.104708 0.104708 0.104708 0.104708
INDI p 0.000000 0.000000 -0.001324, 0.000000 0.000000 -0.000346
INDI r 15624 15624 15624 15624
INDI t 0.104721 0.104721 0.104721 0.104721
INDI p 0.000000 0.000000 -0.000067, 0.000000 0.000000 0.000499
INDI a 0.000000 0.000000 0.000000, 0.000000 0.000000 0.000000
INDI r 15624 15624 15624 15624
INDI t 0.104721 0.104721 0.104721 0.104721
INDI p 0.000000 0.000000 -0.000067, 0.000000 0.000000 0.000144
INDI r 15624 15624 15624 15624
INDI t 0.104721 0.104721 0.104721 0.104721
INDI p 0.000000 0.000000 -0.000067, 0.000000 0.000000 -0.000063
INDI a 0.000000 0.000000 0.000000, 0.000000 0.000000 0.000000
INDI r 15623 15623 15623 15623
INDI t 0.104708 0.104708 0.104708 0.104708
INDI p 0.000000 0.000000 -0.001324, 0.000000 0.000000 -0.000240
INDI r 15624 15624 15624 15624
INDI t 0.104721 0.104721 0.104721 0.104721
INDI p 0.000000 0.000000 -0.000067, 0.000000 0.000000 0.000418
INDI a 0.000000 0.000000 0.000000, 0.000000 0.000000 0.000000
INDI r 15624 15624 15624 15624
INDI t 0.104721 0.104721 0.104721 0.104721
INDI p 0.000000 0.000000 -0.000067, 0.000000 0.000000 0.000083
INDI r 15623 15623 15623 15623
INDI t 0.104708 0.104708 0.104708 0.104708
INDI p 0.000000 0.000000 -0.001324, 0.000000 0.000000 -0.000648
INDI a 0.000000 0.000000 0.000000, 0.000000 0.000000 0.000000
INDI r 15623 15623 15623 15623
INDI t 0.104708 0.104708 0.104708 0.104708
INDI p 0.000000 0.000000 -0.001324, 0.000000 0.000000 -0.000147
Traceback (most recent call last):
  File "/home/georg/Desktop/flying_robot_course/experiments/analysis/omar_z_offset_diagnose.py", line 420, in <module>
    raise SystemExit(main())
  File "/home/georg/Desktop/flying_robot_course/experiments/analysis/omar_z_offset_diagnose.py", line 343, in main
    r_a8 = run_a8_bottom(ctrl, **{k: v for k, v in kw.items() if k != "f_ext_z"})
  File "/home/georg/Desktop/flying_robot_course/experiments/analysis/omar_z_offset_diagnose.py", line 245, in run_a8_bottom
    firm.oot_select_drone(1)
NameError: name 'firm' is not defined
