(1/40) sweep_ours_d0_f1000
(2/40) sweep_omar_d0_f1000
(3/40) sweep_ours_d0_f100
(4/40) sweep_omar_d0_f100
(5/40) sweep_ours_d0_f50
(6/40) sweep_omar_d0_f50
(7/40) sweep_ours_d0_f20
(8/40) sweep_omar_d0_f20
(9/40) sweep_ours_d10_f1000
(10/40) sweep_omar_d10_f1000
(11/40) sweep_ours_d10_f100
(12/40) sweep_omar_d10_f100
(13/40) sweep_ours_d10_f50
(14/40) sweep_omar_d10_f50
(15/40) sweep_ours_d10_f20
(16/40) sweep_omar_d10_f20
(17/40) sweep_ours_d20_f1000
(18/40) sweep_omar_d20_f1000
(19/40) sweep_ours_d20_f100
(20/40) sweep_omar_d20_f100
(21/40) sweep_ours_d20_f50
(22/40) sweep_omar_d20_f50
(23/40) sweep_ours_d20_f20
(24/40) sweep_omar_d20_f20
(25/40) sweep_ours_d30_f1000
(26/40) sweep_omar_d30_f1000
(27/40) sweep_ours_d30_f100
(28/40) sweep_omar_d30_f100
(29/40) sweep_ours_d30_f50
(30/40) sweep_omar_d30_f50
(31/40) sweep_ours_d30_f20
(32/40) sweep_omar_d30_f20
(33/40) sweep_ours_d50_f1000
(34/40) sweep_omar_d50_f1000
(35/40) sweep_ours_d50_f100
(36/40) sweep_omar_d50_f100
(37/40) sweep_ours_d50_f50
(38/40) sweep_omar_d50_f50
(39/40) sweep_ours_d50_f20
(40/40) sweep_omar_d50_f20
Best sweep: {'delay_ms': 10.0, 'f_rpm': 20.0, 'checks': {'ours_gyro': False, 'ours_f': False, 'omar_gyro': False, 'omar_f': True}, 'hits': 1, 'qualitative_match': False}
Wrote /home/georg/Desktop/flying_robot_course/experiments/analysis/out/indi_sil_rpm_delay/results.json

grid grid_rs-1_kr2400_geo
grid grid_rs-1_kr2400_matched
grid grid_rs-1_kr987_flown
grid grid_rs-1_kr987_geo
grid grid_rs-1_kr987_matched
grid grid_rs-1_kr483_flown
grid grid_rs-1_kr483_geo
grid grid_rs-1_kr483_matched
Best sweep: {'delay_ms': 10.0, 'f_rpm': 20.0, 'checks': {'ours_gyro': False, 'ours_f': False, 'omar_gyro': False, 'omar_f': True}, 'hits': 1, 'qualitative_match': False}
Wrote /home/georg/Desktop/flying_robot_course/experiments/analysis/out/indi_sil_rpm_delay/results.json
