/home/georg/.local/lib/python3.10/site-packages/torch/cuda/__init__.py:716: UserWarning: Can't initialize NVML
  warnings.warn("Can't initialize NVML")
dataset: 215693 samples from 22 file(s)
  /home/georg/Desktop/flying_robot_course/experiments/logs/c1_2026-09-21_merged/A1_2026-09-21_12-51-16/A1_2026-09-21_12-51-16_merged_usd.csv: 2 drones x 7554 rows -> 7554 kept
  /home/georg/Desktop/flying_robot_course/experiments/logs/c1_2026-09-23_merged/A1_2026-09-23_17-17-26/A1_2026-09-23_17-17-26_merged_usd.csv: 2 drones x 7805 rows -> 7805 kept
  /home/georg/Desktop/flying_robot_course/experiments/logs/c1_2026-09-23_merged/A1_2026-09-23_17-18-48/A1_2026-09-23_17-18-48_merged_usd.csv: 2 drones x 8052 rows -> 8052 kept
  /home/georg/Desktop/flying_robot_course/experiments/logs/c1_2026-09-23_merged/A1_2026-09-23_17-36-06/A1_2026-09-23_17-36-06_merged_usd.csv: 2 drones x 8055 rows -> 8055 kept
  /home/georg/Desktop/flying_robot_course/experiments/logs/c1_2026-09-23_merged/A1_2026-09-23_17-37-26/A1_2026-09-23_17-37-26_merged_usd.csv: 2 drones x 7983 rows -> 7983 kept
  /home/georg/Desktop/flying_robot_course/experiments/logs/c1_2026-09-28_merged/A1_2026-09-28_17-47-50/A1_2026-09-28_17-47-50_merged_usd.csv: 2 drones x 7983 rows -> 7983 kept
  /home/georg/Desktop/flying_robot_course/experiments/logs/c1_2026-09-28_merged/A2_2026-09-28_17-49-37/A2_2026-09-28_17-49-37_merged_usd.csv: 2 drones x 7856 rows -> 7856 kept
  /home/georg/Desktop/flying_robot_course/experiments/logs/c1_2026-09-28_merged/A2_2026-09-28_17-52-55/A2_2026-09-28_17-52-55_merged_usd.csv: 2 drones x 7857 rows -> 7857 kept
  /home/georg/Desktop/flying_robot_course/experiments/logs/c1_2026-09-21_merged/A3_2026-09-21_13-00-57/A3_2026-09-21_13-00-57_merged_usd.csv: 2 drones x 17691 rows -> 17691 kept
  /home/georg/Desktop/flying_robot_course/experiments/logs/c1_2026-09-21_merged/A3_2026-09-21_13-02-56/A3_2026-09-21_13-02-56_merged_usd.csv: 2 drones x 17897 rows -> 17897 kept
  /home/georg/Desktop/flying_robot_course/experiments/logs/c1_2026-09-21_merged/A3_2026-09-21_13-04-34/A3_2026-09-21_13-04-34_merged_usd.csv: 2 drones x 10502 rows -> 10502 kept
  /home/georg/Desktop/flying_robot_course/experiments/logs/c1_2026-09-23_merged/A3_2026-09-23_17-45-03/A3_2026-09-23_17-45-03_merged_usd.csv: 2 drones x 10969 rows -> 10969 kept
  /home/georg/Desktop/flying_robot_course/experiments/logs/c1_2026-09-23_merged/A3_2026-09-23_17-46-43/A3_2026-09-23_17-46-43_merged_usd.csv: 2 drones x 10503 rows -> 10503 kept
  /home/georg/Desktop/flying_robot_course/experiments/logs/c1_2026-09-23_merged/A3_2026-09-23_17-54-32/A3_2026-09-23_17-54-32_merged_usd.csv: 2 drones x 13131 rows -> 13131 kept
  /home/georg/Desktop/flying_robot_course/experiments/logs/c1_2026-09-23_merged/A3_2026-09-23_17-57-32/A3_2026-09-23_17-57-32_merged_usd.csv: 2 drones x 13564 rows -> 13564 kept
  /home/georg/Desktop/flying_robot_course/experiments/logs/c1_2026-09-28_merged/A4_2026-09-28_17-20-20/A4_2026-09-28_17-20-20_merged_usd.csv: 2 drones x 9873 rows -> 9873 kept
  /home/georg/Desktop/flying_robot_course/experiments/logs/c1_2026-09-28_merged/A4_2026-09-28_17-23-40/A4_2026-09-28_17-23-40_merged_usd.csv: 2 drones x 9416 rows -> 9416 kept
  /home/georg/Desktop/flying_robot_course/experiments/logs/c1_2026-09-28_merged/A4_2026-09-28_17-25-41/A4_2026-09-28_17-25-41_merged_usd.csv: 2 drones x 9895 rows -> 9895 kept
  /home/georg/Desktop/flying_robot_course/experiments/logs/c1_2026-09-28_merged/A4_2026-09-28_17-27-11/A4_2026-09-28_17-27-11_merged_usd.csv: 2 drones x 9893 rows -> 9893 kept
  /home/georg/Desktop/flying_robot_course/experiments/logs/c1_2026-09-23_merged/A7_2026-09-23_19-11-19/A7_2026-09-23_19-11-19_merged_usd.csv: 2 drones x 6418 rows -> 6418 kept
  /home/georg/Desktop/flying_robot_course/experiments/logs/c1_2026-09-23_merged/A7_2026-09-23_19-12-38/A7_2026-09-23_19-12-38_merged_usd.csv: 2 drones x 6398 rows -> 6398 kept
  /home/georg/Desktop/flying_robot_course/experiments/logs/c1_2026-09-23_merged/A7_2026-09-23_19-13-55/A7_2026-09-23_19-13-55_merged_usd.csv: 2 drones x 6398 rows -> 6398 kept
  dropped_zero_a_res: 215693 (row-ticks summed over all ego drones; partner may read 0 a_res)
  no_neighbour_influence: 101401
normalisation (rel)    mu=[ 0.0091 -0.0072  0.4716 -0.0201 -0.0175 -0.048 ] sigma=[0.0656 0.0469 0.231  0.4685 0.3631 0.1495]
normalisation (ground) mu=[-0.7995 -0.01   -0.0087 -0.0248] sigma=[0.2869 0.3867 0.2943 0.1103]
train 172659 / val 43034 (contiguous blocks, not shuffled samples)
  epoch    0  train 0.42496  val RMSE 0.4427 m/s^2  *
  epoch   20  train 0.09261  val RMSE 0.2737 m/s^2
  epoch   39  train 0.08665  val RMSE 0.2659 m/s^2
best val RMSE 0.2627 m/s^2  (10.9s)
baseline (predict zero) 1.2273 m/s^2  ->  78.6% reduction
fold check: max |trained - exported| = 7.17e-07 m/s^2
wrote /home/georg/Desktop/flying_robot_course/experiments/analysis/out/c2_e2e_2026-09-28/full_bank_c1_complete.npz  (19297 weights)
